******************************************************************************
                  MSP430 Linker PC v18.12.4                    
******************************************************************************
>> Linked Mon Apr  5 02:28:42 2021

OUTPUT FILE NAME:   <FFT_lenet.out>
ENTRY POINT SYMBOL: "_c_int00_noargs"  address: 00008c00


MEMORY CONFIGURATION

         name            origin    length      used     unused   attr    fill
----------------------  --------  ---------  --------  --------  ----  --------
  TINYRAM               0000000a   00000016  00000000  00000016  RWIX
  BSL                   00001000   00000800  00000000  00000800  RWIX
  INFOD                 00001800   00000080  00000000  00000080  RWIX
  INFOC                 00001880   00000080  00000000  00000080  RWIX
  INFOB                 00001900   00000080  00000000  00000080  RWIX
  INFOA                 00001980   00000080  00000000  00000080  RWIX
  RAM                   00001c00   00001000  00000323  00000cdd  RWIX
  LEARAM                00002c00   00000ec8  0000069c  0000082c  RWIX
  LEASTACK              00003ac8   00000138  00000000  00000138  RWIX
  FRAM                  00004000   0000bf80  0000675e  00005822  RWIX
  JTAGSIGNATURE         0000ff80   00000004  00000004  00000000  RWIX  ffff 
  BSLSIGNATURE          0000ff84   00000004  00000004  00000000  RWIX  ffff 
  IPESIGNATURE          0000ff88   00000008  00000008  00000000  RWIX  ffff 
  INT00                 0000ff90   00000002  00000000  00000002  RWIX
  INT01                 0000ff92   00000002  00000000  00000002  RWIX
  INT02                 0000ff94   00000002  00000000  00000002  RWIX
  INT03                 0000ff96   00000002  00000000  00000002  RWIX
  INT04                 0000ff98   00000002  00000000  00000002  RWIX
  INT05                 0000ff9a   00000002  00000000  00000002  RWIX
  INT06                 0000ff9c   00000002  00000000  00000002  RWIX
  INT07                 0000ff9e   00000002  00000000  00000002  RWIX
  INT08                 0000ffa0   00000002  00000000  00000002  RWIX
  INT09                 0000ffa2   00000002  00000000  00000002  RWIX
  INT10                 0000ffa4   00000002  00000000  00000002  RWIX
  INT11                 0000ffa6   00000002  00000000  00000002  RWIX
  INT12                 0000ffa8   00000002  00000000  00000002  RWIX
  INT13                 0000ffaa   00000002  00000000  00000002  RWIX
  INT14                 0000ffac   00000002  00000000  00000002  RWIX
  INT15                 0000ffae   00000002  00000000  00000002  RWIX
  INT16                 0000ffb0   00000002  00000000  00000002  RWIX
  INT17                 0000ffb2   00000002  00000000  00000002  RWIX
  INT18                 0000ffb4   00000002  00000002  00000000  RWIX
  INT19                 0000ffb6   00000002  00000002  00000000  RWIX
  INT20                 0000ffb8   00000002  00000002  00000000  RWIX
  INT21                 0000ffba   00000002  00000002  00000000  RWIX
  INT22                 0000ffbc   00000002  00000002  00000000  RWIX
  INT23                 0000ffbe   00000002  00000002  00000000  RWIX
  INT24                 0000ffc0   00000002  00000002  00000000  RWIX
  INT25                 0000ffc2   00000002  00000002  00000000  RWIX
  INT26                 0000ffc4   00000002  00000002  00000000  RWIX
  INT27                 0000ffc6   00000002  00000002  00000000  RWIX
  INT28                 0000ffc8   00000002  00000002  00000000  RWIX
  INT29                 0000ffca   00000002  00000002  00000000  RWIX
  INT30                 0000ffcc   00000002  00000002  00000000  RWIX
  INT31                 0000ffce   00000002  00000002  00000000  RWIX
  INT32                 0000ffd0   00000002  00000002  00000000  RWIX
  INT33                 0000ffd2   00000002  00000002  00000000  RWIX
  INT34                 0000ffd4   00000002  00000002  00000000  RWIX
  INT35                 0000ffd6   00000002  00000002  00000000  RWIX
  INT36                 0000ffd8   00000002  00000002  00000000  RWIX
  INT37                 0000ffda   00000002  00000002  00000000  RWIX
  INT38                 0000ffdc   00000002  00000002  00000000  RWIX
  INT39                 0000ffde   00000002  00000002  00000000  RWIX
  INT40                 0000ffe0   00000002  00000002  00000000  RWIX
  INT41                 0000ffe2   00000002  00000002  00000000  RWIX
  INT42                 0000ffe4   00000002  00000002  00000000  RWIX
  INT43                 0000ffe6   00000002  00000002  00000000  RWIX
  INT44                 0000ffe8   00000002  00000002  00000000  RWIX
  INT45                 0000ffea   00000002  00000002  00000000  RWIX
  INT46                 0000ffec   00000002  00000002  00000000  RWIX
  INT47                 0000ffee   00000002  00000002  00000000  RWIX
  INT48                 0000fff0   00000002  00000002  00000000  RWIX
  INT49                 0000fff2   00000002  00000002  00000000  RWIX
  INT50                 0000fff4   00000002  00000002  00000000  RWIX
  INT51                 0000fff6   00000002  00000002  00000000  RWIX
  INT52                 0000fff8   00000002  00000002  00000000  RWIX
  INT53                 0000fffa   00000002  00000002  00000000  RWIX
  INT54                 0000fffc   00000002  00000002  00000000  RWIX
  RESET                 0000fffe   00000002  00000002  00000000  RWIX
  FRAM2                 00010000   00034000  000060f4  0002df0c  RWIX


SECTION ALLOCATION MAP

 output                                  attributes/
section   page    origin      length       input sections
--------  ----  ----------  ----------   ----------------
.data      0    00001c00    0000019c     UNINITIALIZED
                  00001c00    000000c8     rts430x_lc_rd_eabi.lib : defs.c.obj (.data:_ftable)
                  00001cc8    00000078                            : host_device.c.obj (.data:_device)
                  00001d40    0000003c                            : host_device.c.obj (.data:_stream)
                  00001d7c    00000008     main.obj (.data)
                  00001d84    00000004     rts430x_lc_rd_eabi.lib : exit_gvars.c.obj (.data:__TI_cleanup_ptr)
                  00001d88    00000004                            : exit_gvars.c.obj (.data:__TI_dtors_ptr)
                  00001d8c    00000004                            : _lock.c.obj (.data:_lock)
                  00001d90    00000004                            : _lock.c.obj (.data:_unlock)
                  00001d94    00000002                            : defs.c.obj (.data)
                  00001d96    00000002                            : errno.c.obj (.data)
                  00001d98    00000002                            : exit.c.obj (.data)
                  00001d9a    00000002                            : memory.c.obj (.data)

.TI.persistent 
*          0    00004000    00004820     
                  00004000    00001b00     lenet.obj (.TI.persistent:f_layer1)
                  00005b00    000012c0     lenet.obj (.TI.persistent:n_weight2_3)
                  00006dc0    00000800     lenet.obj (.TI.persistent:f_layer3)
                  000075c0    000006c0     lenet.obj (.TI.persistent:f_layer2)
                  00007c80    00000620     lenet.obj (.TI.persistent:f_input)
                  000082a0    00000200     lenet.obj (.TI.persistent:f_layer4)
                  000084a0    00000200     lenet.obj (.TI.persistent:f_layerLast)
                  000086a0    0000012c     lenet.obj (.TI.persistent:n_weight0_1)
                  000087cc    00000020     lenet.obj (.TI.persistent:n_bias2_3)
                  000087ec    00000014     lenet.obj (.TI.persistent:f_output)
                  00008800    00000014     lenet.obj (.TI.persistent:n_bias5_6)
                  00008814    0000000c     lenet.obj (.TI.persistent:n_bias0_1)

.binit     0    00004000    00000000     

.cio       0    00008820    00000120     UNINITIALIZED
                  00008820    00000120     rts430x_lc_rd_eabi.lib : trgmsg.c.obj (.cio)

.sysmem    0    00008940    0000012c     
                  00008940    00000008     rts430x_lc_rd_eabi.lib : memory.c.obj (.sysmem) [fill = 0]
                  00008948    00000124     --HOLE-- [fill = 0]

.ipestruct 
*          0    00008c00    00000000     UNINITIALIZED

.ipe       0    00008c00    00000000     UNINITIALIZED

.ipe_const 
*          0    00008c00    00000000     UNINITIALIZED

.ipe:_isr 
*          0    00008c00    00000000     UNINITIALIZED

.cinit     0    0000a6d4    0000008a     
                  0000a6d4    00000056     (.cinit..data.load) [load image, compression = lzss]
                  0000a72a    0000000c     (__TI_handler_table)
                  0000a736    00000009     (.cinit..leaRAM.load) [load image, compression = lzss]
                  0000a73f    00000001     --HOLE-- [fill = 0]
                  0000a740    00000006     (.cinit..bss.load) [load image, compression = zero_init]
                  0000a746    00000018     (__TI_cinit_table)

.init_array 
*          0    00004000    00000000     UNINITIALIZED

.text:_isr 
*          0    00008c00    00000040     
                  00008c00    0000001c     rts430x_lc_rd_eabi.lib : boot.c.obj (.text:_isr:_c_int00_noargs)
                  00008c1c    0000001c     msp_lea_isr.obj (.text:_isr:msp_lea_isr)
                  00008c38    00000008     rts430x_lc_rd_eabi.lib : isr_trap.asm.obj (.text:_isr:__TI_ISR_TRAP)

.bss       0    00001d9c    000000e7     UNINITIALIZED
                  00001d9c    000000a0     (.common:__TI_tmpnams)
                  00001e3c    00000008     (.common:fftParams)
                  00001e44    00000008     (.common:parmbuf)
                  00001e4c    00000004     rts430x_lc_rd_eabi.lib : memory.c.obj (.bss)
                  00001e50    00000004     (.common:cycleCount)
                  00001e54    00000004     (.common:fillParams)
                  00001e58    00000004     (.common:shiftparams)
                  00001e5c    00000002     (.common:addParams)
                  00001e5e    00000002     (.common:convParams)
                  00001e60    00000002     (.common:i)
                  00001e62    00000002     (.common:j)
                  00001e64    00000002     (.common:k)
                  00001e66    00000002     (.common:l0)
                  00001e68    00000002     (.common:l1)
                  00001e6a    00000002     (.common:length1)
                  00001e6c    00000002     (.common:macParams)
                  00001e6e    00000002     (.common:mpyParams)
                  00001e70    00000002     (.common:msp_lea_ifg)
                  00001e72    00000002     (.common:msp_lea_locked)
                  00001e74    00000002     (.common:o0)
                  00001e76    00000002     (.common:o1)
                  00001e78    00000002     (.common:predict)
                  00001e7a    00000002     (.common:w0)
                  00001e7c    00000002     (.common:x)
                  00001e7e    00000002     (.common:y)
                  00001e80    00000002     (.common:z)
                  00001e82    00000001     (.common:left)

.stack     0    00002b60    000000a0     UNINITIALIZED
                  00002b60    00000004     rts430x_lc_rd_eabi.lib : boot.c.obj (.stack)
                  00002b64    0000009c     --HOLE--

.leaRAM    0    00002c00    0000069c     UNINITIALIZED
                  00002c00    00000600     lenet.obj (.leaRAM:init)
                  00003200    0000009c     lenet.obj (.leaRAM:uninit)

$fill000   0    0000ff80    00000004     
                  0000ff80    00000004     --HOLE-- [fill = ffff]

$fill001   0    0000ff84    00000004     
                  0000ff84    00000004     --HOLE-- [fill = ffff]

$fill002   0    0000ff88    00000008     
                  0000ff88    00000008     --HOLE-- [fill = ffff]

LEA        0    0000ffb4    00000002     
                  0000ffb4    00000002     msp_lea_isr.obj (.int18)

PORT8      0    0000ffb6    00000002     
                  0000ffb6    00000002     rts430x_lc_rd_eabi.lib : int19.asm.obj (.int19)

PORT7      0    0000ffb8    00000002     
                  0000ffb8    00000002     rts430x_lc_rd_eabi.lib : int20.asm.obj (.int20)

EUSCI_B3   0    0000ffba    00000002     
                  0000ffba    00000002     rts430x_lc_rd_eabi.lib : int21.asm.obj (.int21)

EUSCI_B2   0    0000ffbc    00000002     
                  0000ffbc    00000002     rts430x_lc_rd_eabi.lib : int22.asm.obj (.int22)

EUSCI_B1   0    0000ffbe    00000002     
                  0000ffbe    00000002     rts430x_lc_rd_eabi.lib : int23.asm.obj (.int23)

EUSCI_A3   0    0000ffc0    00000002     
                  0000ffc0    00000002     rts430x_lc_rd_eabi.lib : int24.asm.obj (.int24)

EUSCI_A2   0    0000ffc2    00000002     
                  0000ffc2    00000002     rts430x_lc_rd_eabi.lib : int25.asm.obj (.int25)

PORT6      0    0000ffc4    00000002     
                  0000ffc4    00000002     rts430x_lc_rd_eabi.lib : int26.asm.obj (.int26)

PORT5      0    0000ffc6    00000002     
                  0000ffc6    00000002     rts430x_lc_rd_eabi.lib : int27.asm.obj (.int27)

TIMER4_A1 
*          0    0000ffc8    00000002     
                  0000ffc8    00000002     rts430x_lc_rd_eabi.lib : int28.asm.obj (.int28)

TIMER4_A0 
*          0    0000ffca    00000002     
                  0000ffca    00000002     rts430x_lc_rd_eabi.lib : int29.asm.obj (.int29)

AES256     0    0000ffcc    00000002     
                  0000ffcc    00000002     rts430x_lc_rd_eabi.lib : int30.asm.obj (.int30)

RTC_C      0    0000ffce    00000002     
                  0000ffce    00000002     rts430x_lc_rd_eabi.lib : int31.asm.obj (.int31)

PORT4      0    0000ffd0    00000002     
                  0000ffd0    00000002     rts430x_lc_rd_eabi.lib : int32.asm.obj (.int32)

PORT3      0    0000ffd2    00000002     
                  0000ffd2    00000002     rts430x_lc_rd_eabi.lib : int33.asm.obj (.int33)

TIMER3_A1 
*          0    0000ffd4    00000002     
                  0000ffd4    00000002     rts430x_lc_rd_eabi.lib : int34.asm.obj (.int34)

TIMER3_A0 
*          0    0000ffd6    00000002     
                  0000ffd6    00000002     rts430x_lc_rd_eabi.lib : int35.asm.obj (.int35)

PORT2      0    0000ffd8    00000002     
                  0000ffd8    00000002     rts430x_lc_rd_eabi.lib : int36.asm.obj (.int36)

TIMER2_A1 
*          0    0000ffda    00000002     
                  0000ffda    00000002     rts430x_lc_rd_eabi.lib : int37.asm.obj (.int37)

TIMER2_A0 
*          0    0000ffdc    00000002     
                  0000ffdc    00000002     rts430x_lc_rd_eabi.lib : int38.asm.obj (.int38)

PORT1      0    0000ffde    00000002     
                  0000ffde    00000002     rts430x_lc_rd_eabi.lib : int39.asm.obj (.int39)

TIMER1_A1 
*          0    0000ffe0    00000002     
                  0000ffe0    00000002     rts430x_lc_rd_eabi.lib : int40.asm.obj (.int40)

TIMER1_A0 
*          0    0000ffe2    00000002     
                  0000ffe2    00000002     rts430x_lc_rd_eabi.lib : int41.asm.obj (.int41)

DMA        0    0000ffe4    00000002     
                  0000ffe4    00000002     rts430x_lc_rd_eabi.lib : int42.asm.obj (.int42)

EUSCI_A1   0    0000ffe6    00000002     
                  0000ffe6    00000002     rts430x_lc_rd_eabi.lib : int43.asm.obj (.int43)

TIMER0_A1 
*          0    0000ffe8    00000002     
                  0000ffe8    00000002     rts430x_lc_rd_eabi.lib : int44.asm.obj (.int44)

TIMER0_A0 
*          0    0000ffea    00000002     
                  0000ffea    00000002     rts430x_lc_rd_eabi.lib : int45.asm.obj (.int45)

ADC12_B    0    0000ffec    00000002     
                  0000ffec    00000002     rts430x_lc_rd_eabi.lib : int46.asm.obj (.int46)

EUSCI_B0   0    0000ffee    00000002     
                  0000ffee    00000002     rts430x_lc_rd_eabi.lib : int47.asm.obj (.int47)

EUSCI_A0   0    0000fff0    00000002     
                  0000fff0    00000002     rts430x_lc_rd_eabi.lib : int48.asm.obj (.int48)

WDT        0    0000fff2    00000002     
                  0000fff2    00000002     rts430x_lc_rd_eabi.lib : int49.asm.obj (.int49)

TIMER0_B1 
*          0    0000fff4    00000002     
                  0000fff4    00000002     rts430x_lc_rd_eabi.lib : int50.asm.obj (.int50)

TIMER0_B0 
*          0    0000fff6    00000002     
                  0000fff6    00000002     rts430x_lc_rd_eabi.lib : int51.asm.obj (.int51)

COMP_E     0    0000fff8    00000002     
                  0000fff8    00000002     rts430x_lc_rd_eabi.lib : int52.asm.obj (.int52)

UNMI       0    0000fffa    00000002     
                  0000fffa    00000002     rts430x_lc_rd_eabi.lib : int53.asm.obj (.int53)

SYSNMI     0    0000fffc    00000002     
                  0000fffc    00000002     rts430x_lc_rd_eabi.lib : int54.asm.obj (.int54)

.reset     0    0000fffe    00000002     
                  0000fffe    00000002     rts430x_lc_rd_eabi.lib : boot.c.obj (.reset)

.const     0    00008c40    00001a94     
                  00008c40    00001400     lenet.obj (.const:weight5_6)
                  0000a040    00000400     lenet.obj (.const:weight4_5)
                  0000a440    00000200     lenet.obj (.const:n_bias4_5)
                  0000a640    00000020     main.obj (.const:.string)
                  0000a660    00000020     msp_shift_q15.obj (.const:msp_shift_right_factor_q15)
                  0000a680    00000014     rts430x_lc_rd_eabi.lib : _printfi_min.c.obj (.const:.string)
                  0000a694    00000010                            : e_pow.c.obj (.const:bp)
                  0000a6a4    00000010                            : e_pow.c.obj (.const:dp_h)
                  0000a6b4    00000010                            : e_pow.c.obj (.const:dp_l)
                  0000a6c4    00000008     lenet.obj (.const:.string:TAx_ID$1)
                  0000a6cc    00000008     lenet.obj (.const:.string:TAx_IDEX_SCALE$2)

.text      0    00010000    000060f4     
                  00010000    00001148     rts430x_lc_rd_eabi.lib : e_pow.c.obj (.text:pow)
                  00011148    000005a0     lenet.obj (.text:forward)
                  000116e8    00000466     rts430x_lc_rd_eabi.lib : frcdivd.c.obj (.text:__TI_frcdivd)
                  00011b4e    000002e0                            : addd.c.obj (.text:__mspabi_addd)
                  00011e2e    000002de                            : e_sqrt.c.obj (.text:sqrt)
                  0001210c    00000280                            : frcmpyd.c.obj (.text:__TI_frcmpyd)
                  0001238c    00000266                            : mpyd.c.obj (.text:__mspabi_mpyd)
                  000125f2    00000248                            : frcaddd.c.obj (.text:__TI_frcaddd)
                  0001283a    00000232     msp_cmplx_shift_q15.obj (.text:msp_cmplx_shift_q15)
                  00012a6c    00000222     rts430x_lc_rd_eabi.lib : divd.c.obj (.text:__mspabi_divd)
                  00012c8e    000001f8     msp_shift_q15.obj (.text:msp_shift_q15)
                  00012e86    000001ea     lenet.obj (.text:FC_Convolution)
                  00013070    000001a6     msp_add_q15.obj (.text:msp_add_q15)
                  00013216    0000019e     msp_cmplx_mpy_q15.obj (.text:msp_cmplx_mpy_q15)
                  000133b4    00000198     msp_mac_q15.obj (.text:msp_mac_q15)
                  0001354c    0000018c     msp_deinterleave_q15.obj (.text:msp_deinterleave_q15)
                  000136d8    00000174     lenet.obj (.text:add_bias)
                  0001384c    00000172     msp_cmplx_fft_auto_q15.obj (.text:msp_cmplx_fft_auto_q15)
                  000139be    0000016c     msp_fill_q15.obj (.text:msp_fill_q15)
                  00013b2a    0000015a     rts430x_lc_rd_eabi.lib : s_scalbn.c.obj (.text:scalbn)
                  00013c84    00000156     msp_cmplx_fft_fixed_q15.obj (.text:msp_cmplx_fft_fixed_q15)
                  00013dda    00000142     msp_copy_q15.obj (.text:msp_copy_q15)
                  00013f1c    0000013e     lenet.obj (.text:FC_convolution_last)
                  0001405a    0000013e     msp_cmplx_bitrev_q15.obj (.text:msp_cmplx_bitrev_q15)
                  00014198    0000013c     lenet.obj (.text:add_bias_1d)
                  000142d4    00000132     rts430x_lc_rd_eabi.lib : _printfi_min.c.obj (.text:_setfield)
                  00014406    00000132                            : fs_add.asm.obj (.text)
                  00014538    0000012c                            : memory.c.obj (.text:aligned_alloc)
                  00014664    000000f0                            : fputs.c.obj (.text:fputs)
                  00014754    000000e4     lenet.obj (.text:fftmultiplication)
                  00014838    000000e2     rts430x_lc_rd_eabi.lib : memory.c.obj (.text:free)
                  0001491a    000000de                            : setvbuf.c.obj (.text:setvbuf)
                  000149f8    000000dc                            : _printfi_min.c.obj (.text:__TI_printfi_minimal)
                  00014ad4    000000da                            : _printfi_min.c.obj (.text:_pproc_diouxp)
                  00014bae    000000d8                            : cmpd.c.obj (.text:__mspabi_cmpd)
                  00014c86    000000ce     lenet.obj (.text:normalization)
                  00014d54    000000b2     rts430x_lc_rd_eabi.lib : renormd.c.obj (.text:__TI_renormd)
                  00014e06    0000009e                            : fltlid.c.obj (.text:__mspabi_fltlid)
                  00014ea4    0000009a                            : hostlseek.c.obj (.text:HOSTlseek)
                  00014f3e    00000090                            : fputc.c.obj (.text:fputc)
                  00014fce    00000090                            : fs_div.asm.obj (.text)
                  0001505e    0000007e                            : _io_perm.c.obj (.text:__TI_wrt_ok)
                  000150dc    00000076                            : copy_decompress_lzss.c.obj (.text:decompress:lzss:__TI_decompress_lzss)
                  00015152    00000074                            : hostrename.c.obj (.text:HOSTrename)
                  000151c6    00000074                            : fclose.c.obj (.text:__TI_closefile)
                  0001523a    00000074                            : memory.c.obj (.text:split)
                  000152ae    00000070                            : hostopen.c.obj (.text:HOSTopen)
                  0001531e    0000006c                            : hostwrite.c.obj (.text:HOSTwrite)
                  0001538a    0000006a                            : hostread.c.obj (.text:HOSTread)
                  000153f4    0000006a     main.obj (.text:configGPIO)
                  0001545e    0000006a     rts430x_lc_rd_eabi.lib : fseek.c.obj (.text:fseek)
                  000154c8    00000066                            : fixdli.c.obj (.text:__mspabi_fixdli)
                  0001552e    00000066     msp_cmplx_ifft_fixed_q15.obj (.text:msp_cmplx_ifft_fixed_q15)
                  00015594    00000064     rts430x_lc_rd_eabi.lib : fflush.c.obj (.text:__TI_doflush)
                  000155f8    00000064                            : cvtfd.c.obj (.text:__mspabi_cvtfd)
                  0001565c    0000005a                            : close.c.obj (.text:close)
                  000156b6    0000005a                            : getdevice.c.obj (.text:getdevice)
                  00015710    00000054                            : autoinit.c.obj (.text:__TI_auto_init_nobinit_nopinit_hold_wdt:__TI_auto_init_nobinit_nopinit_hold_wdt)
                  00015764    00000052     msp_lea_init.obj (.text:msp_lea_init)
                  000157b6    0000004e     rts430x_lc_rd_eabi.lib : hostclose.c.obj (.text:HOSTclose)
                  00015804    0000004a                            : exit.c.obj (.text:exit)
                  0001584e    0000004a                            : printf.c.obj (.text:printf)
                  00015898    00000048                            : _printfi_min.c.obj (.text:_pproc_str)
                  000158e0    00000046                            : hostunlink.c.obj (.text:HOSTunlink)
                  00015926    00000046     main.obj (.text:configClocks)
                  0001596c    00000046     lenet.obj (.text:msp_benchmarkStart)
                  000159b2    00000044     msp_lea_patch.obj (.text:msp_lea_getRevision)
                  000159f6    0000003e     rts430x_lc_rd_eabi.lib : asr32.asm.obj (.text:l_asr_const)
                  00015a34    0000003e                            : lsl32.asm.obj (.text:l_lsl_const)
                  00015a72    0000003e                            : lsr32.asm.obj (.text:l_lsr_const)
                  00015ab0    0000003e                            : lseek.c.obj (.text:lseek)
                  00015aee    0000003c     lenet.obj (.text:get_result)
                  00015b2a    0000003c     rts430x_lc_rd_eabi.lib : write.c.obj (.text:write)
                  00015b66    0000003a     lenet.obj (.text:msp_benchmarkStop)
                  00015ba0    00000038     main.obj (.text:testFirstImage)
                  00015bd8    00000036     rts430x_lc_rd_eabi.lib : fopen.c.obj (.text:__TI_cleanup)
                  00015c0e    00000036                            : trgmsg.c.obj (.text:__TI_writemsg)
                  00015c44    00000036                            : fs_itof.asm.obj (.text)
                  00015c7a    00000034     lenet.obj (.text:MAC_)
                  00015cae    00000032     rts430x_lc_rd_eabi.lib : trgmsg.c.obj (.text:__TI_readmsg)
                  00015ce0    00000032                            : subd.c.obj (.text:__mspabi_subd)
                  00015d12    00000032                            : strncpy.c.obj (.text:strncpy)
                  00015d44    00000030     lenet.obj (.text:reluQ_ar)
                  00015d74    00000030     rts430x_lc_rd_eabi.lib : unlink.c.obj (.text:unlink)
                  00015da4    0000002e                            : negd.c.obj (.text:__mspabi_negd)
                  00015dd2    0000002e                            : s_copysign.c.obj (.text:copysign)
                  00015e00    0000002e                            : getdevice.c.obj (.text:finddevice)
                  00015e2e    0000002c                            : memory.c.obj (.text:free_list_insert)
                  00015e5a    0000002c                            : div16s.asm.obj (.text)
                  00015e86    0000002a                            : memory.c.obj (.text:free_list_remove)
                  00015eb0    00000028                            : fixdi.c.obj (.text:__mspabi_fixdi)
                  00015ed8    00000024                            : copy_zero_init.c.obj (.text:decompress:ZI:__TI_zero_init_nomemset:__TI_zero_init_nomemset)
                  00015efc    00000024                            : mult32_f5hw.asm.obj (.text)
                  00015f20    00000020     msp_cmplx_conj_q15.obj (.text:msp_cmplx_conj_q15)
                  00015f40    0000001e     rts430x_lc_rd_eabi.lib : memccpy.c.obj (.text:memccpy)
                  00015f5e    0000001e     msp_iq31_to_q15.obj (.text:msp_iq31_to_q15)
                  00015f7c    0000001c     rts430x_lc_rd_eabi.lib : strchr.c.obj (.text:strchr)
                  00015f98    0000001c                            : strcmp.c.obj (.text:strcmp)
                  00015fb4    0000001a     main.obj (.text:main)
                  00015fce    00000018     rts430x_lc_rd_eabi.lib : mult16_f5hw.asm.obj (.text)
                  00015fe6    00000016     lenet.obj (.text:Predict)
                  00015ffc    00000016     rts430x_lc_rd_eabi.lib : memory.c.obj (.text:heap_start)
                  00016012    00000016                            : memchr.c.obj (.text:memchr)
                  00016028    00000016                            : memset.c.obj (.text:memset)
                  0001603e    00000016                            : div16u.asm.obj (.text)
                  00016054    00000014                            : memcpy.c.obj (.text:memcpy)
                  00016068    00000012                            : copy_decompress_none.c.obj (.text:decompress:none:__TI_decompress_none)
                  0001607a    00000012                            : strcpy.c.obj (.text:strcpy)
                  0001608c    00000010                            : asr32.asm.obj (.text:l_asr)
                  0001609c    00000010                            : lsl32.asm.obj (.text:l_lsl)
                  000160ac    00000010                            : lsr32.asm.obj (.text:l_lsr)
                  000160bc    0000000e                            : strlen.c.obj (.text:strlen)
                  000160ca    0000000a                            : lsl16.asm.obj (.text)
                  000160d4    00000008                            : memory.c.obj (.text:malloc)
                  000160dc    00000006                            : printf.c.obj (.text:_outc)
                  000160e2    00000006                            : exit.c.obj (.text:abort)
                  000160e8    00000004                            : printf.c.obj (.text:_outs)
                  000160ec    00000004                            : pre_init.c.obj (.text:_system_pre_init)
                  000160f0    00000002                            : _lock.c.obj (.text:_nop)
                  000160f2    00000002                            : startup.c.obj (.text:_system_post_cinit)

MODULE SUMMARY

       Module                         code    ro data   rw data
       ------                         ----    -------   -------
    .\
       lenet.obj                      3680    11836     15044  
       main.obj                       258     32        11     
    +--+------------------------------+-------+---------+---------+
       Total:                         3938    11868     15055  
                                                               
    .\dsplib\source\lea\
       msp_lea_init.obj               82      0         0      
       msp_lea_patch.obj              68      0         0      
       msp_lea_isr.obj                28      2         0      
       msp_lea_flags.obj              0       0         4      
    +--+------------------------------+-------+---------+---------+
       Total:                         178     2         4      
                                                               
    .\dsplib\source\transform\
       msp_cmplx_fft_auto_q15.obj     370     0         0      
       msp_cmplx_fft_fixed_q15.obj    342     0         0      
       msp_cmplx_bitrev_q15.obj       318     0         0      
       msp_cmplx_ifft_fixed_q15.obj   102     0         0      
    +--+------------------------------+-------+---------+---------+
       Total:                         1132    0         0      
                                                               
    .\dsplib\source\utility\
       msp_deinterleave_q15.obj       396     0         0      
       msp_fill_q15.obj               364     0         0      
       msp_copy_q15.obj               322     0         0      
       msp_iq31_to_q15.obj            30      0         0      
    +--+------------------------------+-------+---------+---------+
       Total:                         1112    0         0      
                                                               
    .\dsplib\source\vector\
       msp_cmplx_shift_q15.obj        562     0         0      
       msp_shift_q15.obj              504     32        0      
       msp_add_q15.obj                422     0         0      
       msp_cmplx_mpy_q15.obj          414     0         0      
       msp_mac_q15.obj                408     0         0      
       msp_cmplx_conj_q15.obj         32      0         0      
    +--+------------------------------+-------+---------+---------+
       Total:                         2342    32        0      
                                                               
    C:\ti\ccs930\ccs\tools\compiler\ti-cgt-msp430_18.12.4.LTS\lib\rts430x_lc_rd_eabi.lib
       e_pow.c.obj                    4424    48        0      
       frcdivd.c.obj                  1126    0         0      
       _printfi_min.c.obj             816     20        0      
       memory.c.obj                   758     0         6      
       addd.c.obj                     736     0         0      
       e_sqrt.c.obj                   734     0         0      
       frcmpyd.c.obj                  640     0         0      
       mpyd.c.obj                     614     0         0      
       frcaddd.c.obj                  584     0         0      
       divd.c.obj                     546     0         0      
       trgmsg.c.obj                   104     0         288    
       defs.c.obj                     0       0         362    
       s_scalbn.c.obj                 346     0         0      
       fs_add.asm.obj                 306     0         0      
       fputs.c.obj                    240     0         0      
       setvbuf.c.obj                  222     0         0      
       cmpd.c.obj                     216     0         0      
       host_device.c.obj              0       0         180    
       renormd.c.obj                  178     0         0      
       fltlid.c.obj                   158     0         0      
       hostlseek.c.obj                154     0         0      
       fputc.c.obj                    144     0         0      
       fs_div.asm.obj                 144     0         0      
       getdevice.c.obj                136     0         0      
       _io_perm.c.obj                 126     0         0      
       hostopen.c.obj                 112     0         8      
       copy_decompress_lzss.c.obj     118     0         0      
       fclose.c.obj                   116     0         0      
       hostrename.c.obj               116     0         0      
       hostwrite.c.obj                108     0         0      
       fseek.c.obj                    106     0         0      
       hostread.c.obj                 106     0         0      
       fixdli.c.obj                   102     0         0      
       cvtfd.c.obj                    100     0         0      
       fflush.c.obj                   100     0         0      
       close.c.obj                    90      0         0      
       autoinit.c.obj                 84      0         0      
       printf.c.obj                   84      0         0      
       exit.c.obj                     80      0         2      
       asr32.asm.obj                  78      0         0      
       hostclose.c.obj                78      0         0      
       lsl32.asm.obj                  78      0         0      
       lsr32.asm.obj                  78      0         0      
       hostunlink.c.obj               70      0         0      
       lseek.c.obj                    62      0         0      
       write.c.obj                    60      0         0      
       fopen.c.obj                    54      0         0      
       fs_itof.asm.obj                54      0         0      
       strncpy.c.obj                  50      0         0      
       subd.c.obj                     50      0         0      
       unlink.c.obj                   48      0         0      
       negd.c.obj                     46      0         0      
       s_copysign.c.obj               46      0         0      
       div16s.asm.obj                 44      0         0      
       fixdi.c.obj                    40      0         0      
       copy_zero_init.c.obj           36      0         0      
       mult32_f5hw.asm.obj            36      0         0      
       boot.c.obj                     28      2         0      
       memccpy.c.obj                  30      0         0      
       strchr.c.obj                   28      0         0      
       strcmp.c.obj                   28      0         0      
       mult16_f5hw.asm.obj            24      0         0      
       div16u.asm.obj                 22      0         0      
       memchr.c.obj                   22      0         0      
       memset.c.obj                   22      0         0      
       memcpy.c.obj                   20      0         0      
       copy_decompress_none.c.obj     18      0         0      
       strcpy.c.obj                   18      0         0      
       strlen.c.obj                   14      0         0      
       _lock.c.obj                    2       0         8      
       lsl16.asm.obj                  10      0         0      
       exit_gvars.c.obj               0       0         8      
       isr_trap.asm.obj               8       0         0      
       pre_init.c.obj                 4       0         0      
       errno.c.obj                    0       0         2      
       int19.asm.obj                  0       2         0      
       int20.asm.obj                  0       2         0      
       int21.asm.obj                  0       2         0      
       int22.asm.obj                  0       2         0      
       int23.asm.obj                  0       2         0      
       int24.asm.obj                  0       2         0      
       int25.asm.obj                  0       2         0      
       int26.asm.obj                  0       2         0      
       int27.asm.obj                  0       2         0      
       int28.asm.obj                  0       2         0      
       int29.asm.obj                  0       2         0      
       int30.asm.obj                  0       2         0      
       int31.asm.obj                  0       2         0      
       int32.asm.obj                  0       2         0      
       int33.asm.obj                  0       2         0      
       int34.asm.obj                  0       2         0      
       int35.asm.obj                  0       2         0      
       int36.asm.obj                  0       2         0      
       int37.asm.obj                  0       2         0      
       int38.asm.obj                  0       2         0      
       int39.asm.obj                  0       2         0      
       int40.asm.obj                  0       2         0      
       int41.asm.obj                  0       2         0      
       int42.asm.obj                  0       2         0      
       int43.asm.obj                  0       2         0      
       int44.asm.obj                  0       2         0      
       int45.asm.obj                  0       2         0      
       int46.asm.obj                  0       2         0      
       int47.asm.obj                  0       2         0      
       int48.asm.obj                  0       2         0      
       int49.asm.obj                  0       2         0      
       int50.asm.obj                  0       2         0      
       int51.asm.obj                  0       2         0      
       int52.asm.obj                  0       2         0      
       int53.asm.obj                  0       2         0      
       int54.asm.obj                  0       2         0      
       startup.c.obj                  2       0         0      
    +--+------------------------------+-------+---------+---------+
       Total:                         16182   142       864    
                                                               
       Heap:                          0       0         300    
       Stack:                         0       0         160    
       Linker Generated:              0       137       0      
    +--+------------------------------+-------+---------+---------+
       Grand Total:                   24884   12181     16383  


LINKER GENERATED COPY TABLES

__TI_cinit_table @ 0000a746 records: 3, size/record: 8, table size: 24
	.data: load addr=0000a6d4, load size=00000056 bytes, run addr=00001c00, run size=0000019c bytes, compression=lzss
	.leaRAM: load addr=0000a736, load size=00000009 bytes, run addr=00002c00, run size=0000069c bytes, compression=lzss
	.bss: load addr=0000a740, load size=00000006 bytes, run addr=00001d9c, run size=000000e7 bytes, compression=zero_init


LINKER GENERATED HANDLER TABLE

__TI_handler_table @ 0000a72a records: 3, size/record: 4, table size: 12
	index: 0, handler: __TI_zero_init
	index: 1, handler: __TI_decompress_lzss
	index: 2, handler: __TI_decompress_none


GLOBAL SYMBOLS: SORTED ALPHABETICALLY BY Name 

address   name                                   
-------   ----                                   
00000800  ADC12CTL0                              
00000801  ADC12CTL0_H                            
00000800  ADC12CTL0_L                            
00000802  ADC12CTL1                              
00000803  ADC12CTL1_H                            
00000802  ADC12CTL1_L                            
00000804  ADC12CTL2                              
00000805  ADC12CTL2_H                            
00000804  ADC12CTL2_L                            
00000806  ADC12CTL3                              
00000807  ADC12CTL3_H                            
00000806  ADC12CTL3_L                            
0000080a  ADC12HI                                
0000080b  ADC12HI_H                              
0000080a  ADC12HI_L                              
00000812  ADC12IER0                              
00000813  ADC12IER0_H                            
00000812  ADC12IER0_L                            
00000814  ADC12IER1                              
00000815  ADC12IER1_H                            
00000814  ADC12IER1_L                            
00000816  ADC12IER2                              
00000817  ADC12IER2_H                            
00000816  ADC12IER2_L                            
0000080c  ADC12IFGR0                             
0000080d  ADC12IFGR0_H                           
0000080c  ADC12IFGR0_L                           
0000080e  ADC12IFGR1                             
0000080f  ADC12IFGR1_H                           
0000080e  ADC12IFGR1_L                           
00000810  ADC12IFGR2                             
00000811  ADC12IFGR2_H                           
00000810  ADC12IFGR2_L                           
00000818  ADC12IV                                
00000819  ADC12IV_H                              
00000818  ADC12IV_L                              
00000808  ADC12LO                                
00000809  ADC12LO_H                              
00000808  ADC12LO_L                              
00000820  ADC12MCTL0                             
00000821  ADC12MCTL0_H                           
00000820  ADC12MCTL0_L                           
00000822  ADC12MCTL1                             
00000834  ADC12MCTL10                            
00000835  ADC12MCTL10_H                          
00000834  ADC12MCTL10_L                          
00000836  ADC12MCTL11                            
00000837  ADC12MCTL11_H                          
00000836  ADC12MCTL11_L                          
00000838  ADC12MCTL12                            
00000839  ADC12MCTL12_H                          
00000838  ADC12MCTL12_L                          
0000083a  ADC12MCTL13                            
0000083b  ADC12MCTL13_H                          
0000083a  ADC12MCTL13_L                          
0000083c  ADC12MCTL14                            
0000083d  ADC12MCTL14_H                          
0000083c  ADC12MCTL14_L                          
0000083e  ADC12MCTL15                            
0000083f  ADC12MCTL15_H                          
0000083e  ADC12MCTL15_L                          
00000840  ADC12MCTL16                            
00000841  ADC12MCTL16_H                          
00000840  ADC12MCTL16_L                          
00000842  ADC12MCTL17                            
00000843  ADC12MCTL17_H                          
00000842  ADC12MCTL17_L                          
00000844  ADC12MCTL18                            
00000845  ADC12MCTL18_H                          
00000844  ADC12MCTL18_L                          
00000846  ADC12MCTL19                            
00000847  ADC12MCTL19_H                          
00000846  ADC12MCTL19_L                          
00000823  ADC12MCTL1_H                           
00000822  ADC12MCTL1_L                           
00000824  ADC12MCTL2                             
00000848  ADC12MCTL20                            
00000849  ADC12MCTL20_H                          
00000848  ADC12MCTL20_L                          
0000084a  ADC12MCTL21                            
0000084b  ADC12MCTL21_H                          
0000084a  ADC12MCTL21_L                          
0000084c  ADC12MCTL22                            
0000084d  ADC12MCTL22_H                          
0000084c  ADC12MCTL22_L                          
0000084e  ADC12MCTL23                            
0000084f  ADC12MCTL23_H                          
0000084e  ADC12MCTL23_L                          
00000850  ADC12MCTL24                            
00000851  ADC12MCTL24_H                          
00000850  ADC12MCTL24_L                          
00000852  ADC12MCTL25                            
00000853  ADC12MCTL25_H                          
00000852  ADC12MCTL25_L                          
00000854  ADC12MCTL26                            
00000855  ADC12MCTL26_H                          
00000854  ADC12MCTL26_L                          
00000856  ADC12MCTL27                            
00000857  ADC12MCTL27_H                          
00000856  ADC12MCTL27_L                          
00000858  ADC12MCTL28                            
00000859  ADC12MCTL28_H                          
00000858  ADC12MCTL28_L                          
0000085a  ADC12MCTL29                            
0000085b  ADC12MCTL29_H                          
0000085a  ADC12MCTL29_L                          
00000825  ADC12MCTL2_H                           
00000824  ADC12MCTL2_L                           
00000826  ADC12MCTL3                             
0000085c  ADC12MCTL30                            
0000085d  ADC12MCTL30_H                          
0000085c  ADC12MCTL30_L                          
0000085e  ADC12MCTL31                            
0000085f  ADC12MCTL31_H                          
0000085e  ADC12MCTL31_L                          
00000827  ADC12MCTL3_H                           
00000826  ADC12MCTL3_L                           
00000828  ADC12MCTL4                             
00000829  ADC12MCTL4_H                           
00000828  ADC12MCTL4_L                           
0000082a  ADC12MCTL5                             
0000082b  ADC12MCTL5_H                           
0000082a  ADC12MCTL5_L                           
0000082c  ADC12MCTL6                             
0000082d  ADC12MCTL6_H                           
0000082c  ADC12MCTL6_L                           
0000082e  ADC12MCTL7                             
0000082f  ADC12MCTL7_H                           
0000082e  ADC12MCTL7_L                           
00000830  ADC12MCTL8                             
00000831  ADC12MCTL8_H                           
00000830  ADC12MCTL8_L                           
00000832  ADC12MCTL9                             
00000833  ADC12MCTL9_H                           
00000832  ADC12MCTL9_L                           
00000860  ADC12MEM0                              
00000861  ADC12MEM0_H                            
00000860  ADC12MEM0_L                            
00000862  ADC12MEM1                              
00000874  ADC12MEM10                             
00000875  ADC12MEM10_H                           
00000874  ADC12MEM10_L                           
00000876  ADC12MEM11                             
00000877  ADC12MEM11_H                           
00000876  ADC12MEM11_L                           
00000878  ADC12MEM12                             
00000879  ADC12MEM12_H                           
00000878  ADC12MEM12_L                           
0000087a  ADC12MEM13                             
0000087b  ADC12MEM13_H                           
0000087a  ADC12MEM13_L                           
0000087c  ADC12MEM14                             
0000087d  ADC12MEM14_H                           
0000087c  ADC12MEM14_L                           
0000087e  ADC12MEM15                             
0000087f  ADC12MEM15_H                           
0000087e  ADC12MEM15_L                           
00000880  ADC12MEM16                             
00000881  ADC12MEM16_H                           
00000880  ADC12MEM16_L                           
00000882  ADC12MEM17                             
00000883  ADC12MEM17_H                           
00000882  ADC12MEM17_L                           
00000884  ADC12MEM18                             
00000885  ADC12MEM18_H                           
00000884  ADC12MEM18_L                           
00000886  ADC12MEM19                             
00000887  ADC12MEM19_H                           
00000886  ADC12MEM19_L                           
00000863  ADC12MEM1_H                            
00000862  ADC12MEM1_L                            
00000864  ADC12MEM2                              
00000888  ADC12MEM20                             
00000889  ADC12MEM20_H                           
00000888  ADC12MEM20_L                           
0000088a  ADC12MEM21                             
0000088b  ADC12MEM21_H                           
0000088a  ADC12MEM21_L                           
0000088c  ADC12MEM22                             
0000088d  ADC12MEM22_H                           
0000088c  ADC12MEM22_L                           
0000088e  ADC12MEM23                             
0000088f  ADC12MEM23_H                           
0000088e  ADC12MEM23_L                           
00000890  ADC12MEM24                             
00000891  ADC12MEM24_H                           
00000890  ADC12MEM24_L                           
00000892  ADC12MEM25                             
00000893  ADC12MEM25_H                           
00000892  ADC12MEM25_L                           
00000894  ADC12MEM26                             
00000895  ADC12MEM26_H                           
00000894  ADC12MEM26_L                           
00000896  ADC12MEM27                             
00000897  ADC12MEM27_H                           
00000896  ADC12MEM27_L                           
00000898  ADC12MEM28                             
00000899  ADC12MEM28_H                           
00000898  ADC12MEM28_L                           
0000089a  ADC12MEM29                             
0000089b  ADC12MEM29_H                           
0000089a  ADC12MEM29_L                           
00000865  ADC12MEM2_H                            
00000864  ADC12MEM2_L                            
00000866  ADC12MEM3                              
0000089c  ADC12MEM30                             
0000089d  ADC12MEM30_H                           
0000089c  ADC12MEM30_L                           
0000089e  ADC12MEM31                             
0000089f  ADC12MEM31_H                           
0000089e  ADC12MEM31_L                           
00000867  ADC12MEM3_H                            
00000866  ADC12MEM3_L                            
00000868  ADC12MEM4                              
00000869  ADC12MEM4_H                            
00000868  ADC12MEM4_L                            
0000086a  ADC12MEM5                              
0000086b  ADC12MEM5_H                            
0000086a  ADC12MEM5_L                            
0000086c  ADC12MEM6                              
0000086d  ADC12MEM6_H                            
0000086c  ADC12MEM6_L                            
0000086e  ADC12MEM7                              
0000086f  ADC12MEM7_H                            
0000086e  ADC12MEM7_L                            
00000870  ADC12MEM8                              
00000871  ADC12MEM8_H                            
00000870  ADC12MEM8_L                            
00000872  ADC12MEM9                              
00000873  ADC12MEM9_H                            
00000872  ADC12MEM9_L                            
000009c0  AESACTL0                               
000009c1  AESACTL0_H                             
000009c0  AESACTL0_L                             
000009c2  AESACTL1                               
000009c3  AESACTL1_H                             
000009c2  AESACTL1_L                             
000009c8  AESADIN                                
000009c9  AESADIN_H                              
000009c8  AESADIN_L                              
000009ca  AESADOUT                               
000009cb  AESADOUT_H                             
000009ca  AESADOUT_L                             
000009c6  AESAKEY                                
000009c7  AESAKEY_H                              
000009c6  AESAKEY_L                              
000009c4  AESASTAT                               
000009c5  AESASTAT_H                             
000009c4  AESASTAT_L                             
000009cc  AESAXDIN                               
000009cd  AESAXDIN_H                             
000009cc  AESAXDIN_L                             
000009ce  AESAXIN                                
000009cf  AESAXIN_H                              
000009ce  AESAXIN_L                              
000004be  BCD2BIN                                
000004bf  BCD2BIN_H                              
000004be  BCD2BIN_L                              
000004bc  BIN2BCD                                
000004bd  BIN2BCD_H                              
000004bc  BIN2BCD_L                              
000160e2  C$$EXIT                                
00015c40  C$$IO$$                                
0000043e  CAPTIO0CTL                             
0000043f  CAPTIO0CTL_H                           
0000043e  CAPTIO0CTL_L                           
0000047e  CAPTIO1CTL                             
0000047f  CAPTIO1CTL_H                           
0000047e  CAPTIO1CTL_L                           
000008c0  CECTL0                                 
000008c1  CECTL0_H                               
000008c0  CECTL0_L                               
000008c2  CECTL1                                 
000008c3  CECTL1_H                               
000008c2  CECTL1_L                               
000008c4  CECTL2                                 
000008c5  CECTL2_H                               
000008c4  CECTL2_L                               
000008c6  CECTL3                                 
000008c7  CECTL3_H                               
000008c6  CECTL3_L                               
000008cc  CEINT                                  
000008cd  CEINT_H                                
000008cc  CEINT_L                                
000008ce  CEIV                                   
000008cf  CEIV_H                                 
000008ce  CEIV_L                                 
00000996  CRC16DIRBW0                            
00000997  CRC16DIRBW0_H                          
00000996  CRC16DIRBW0_L                          
00000990  CRC16DIW0                              
00000991  CRC16DIW0_H                            
00000990  CRC16DIW0_L                            
00000998  CRC16INIRESW0                          
00000999  CRC16INIRESW0_H                        
00000998  CRC16INIRESW0_L                        
0000099e  CRC16RESRW0                            
0000099f  CRC16RESRW0_H                          
0000099e  CRC16RESRW0_L                          
00000986  CRC32DIRBW0                            
00000987  CRC32DIRBW0_H                          
00000986  CRC32DIRBW0_L                          
00000984  CRC32DIRBW1                            
00000985  CRC32DIRBW1_H                          
00000984  CRC32DIRBW1_L                          
00000980  CRC32DIW0                              
00000981  CRC32DIW0_H                            
00000980  CRC32DIW0_L                            
00000982  CRC32DIW1                              
00000983  CRC32DIW1_H                            
00000982  CRC32DIW1_L                            
00000988  CRC32INIRESW0                          
00000989  CRC32INIRESW0_H                        
00000988  CRC32INIRESW0_L                        
0000098a  CRC32INIRESW1                          
0000098b  CRC32INIRESW1_H                        
0000098a  CRC32INIRESW1_L                        
0000098e  CRC32RESRW0                            
0000098f  CRC32RESRW0_H                          
0000098e  CRC32RESRW0_L                          
0000098c  CRC32RESRW1                            
0000098d  CRC32RESRW1_H                          
0000098c  CRC32RESRW1_L                          
00000150  CRCDI                                  
00000152  CRCDIRB                                
00000153  CRCDIRB_H                              
00000152  CRCDIRB_L                              
00000151  CRCDI_H                                
00000150  CRCDI_L                                
00000154  CRCINIRES                              
00000155  CRCINIRES_H                            
00000154  CRCINIRES_L                            
00000156  CRCRESR                                
00000157  CRCRESR_H                              
00000156  CRCRESR_L                              
00000160  CSCTL0                                 
00000161  CSCTL0_H                               
00000160  CSCTL0_L                               
00000162  CSCTL1                                 
00000163  CSCTL1_H                               
00000162  CSCTL1_L                               
00000164  CSCTL2                                 
00000165  CSCTL2_H                               
00000164  CSCTL2_L                               
00000166  CSCTL3                                 
00000167  CSCTL3_H                               
00000166  CSCTL3_L                               
00000168  CSCTL4                                 
00000169  CSCTL4_H                               
00000168  CSCTL4_L                               
0000016a  CSCTL5                                 
0000016b  CSCTL5_H                               
0000016a  CSCTL5_L                               
0000016c  CSCTL6                                 
0000016d  CSCTL6_H                               
0000016c  CSCTL6_L                               
00000510  DMA0CTL                                
00000511  DMA0CTL_H                              
00000510  DMA0CTL_L                              
00000516  DMA0DA                                 
00000518  DMA0DAH                                
00000516  DMA0DAL                                
00000512  DMA0SA                                 
00000514  DMA0SAH                                
00000512  DMA0SAL                                
0000051a  DMA0SZ                                 
0000051b  DMA0SZ_H                               
0000051a  DMA0SZ_L                               
00000520  DMA1CTL                                
00000521  DMA1CTL_H                              
00000520  DMA1CTL_L                              
00000526  DMA1DA                                 
00000528  DMA1DAH                                
00000526  DMA1DAL                                
00000522  DMA1SA                                 
00000524  DMA1SAH                                
00000522  DMA1SAL                                
0000052a  DMA1SZ                                 
0000052b  DMA1SZ_H                               
0000052a  DMA1SZ_L                               
00000530  DMA2CTL                                
00000531  DMA2CTL_H                              
00000530  DMA2CTL_L                              
00000536  DMA2DA                                 
00000538  DMA2DAH                                
00000536  DMA2DAL                                
00000532  DMA2SA                                 
00000534  DMA2SAH                                
00000532  DMA2SAL                                
0000053a  DMA2SZ                                 
0000053b  DMA2SZ_H                               
0000053a  DMA2SZ_L                               
00000540  DMA3CTL                                
00000541  DMA3CTL_H                              
00000540  DMA3CTL_L                              
00000546  DMA3DA                                 
00000548  DMA3DAH                                
00000546  DMA3DAL                                
00000542  DMA3SA                                 
00000544  DMA3SAH                                
00000542  DMA3SAL                                
0000054a  DMA3SZ                                 
0000054b  DMA3SZ_H                               
0000054a  DMA3SZ_L                               
00000550  DMA4CTL                                
00000551  DMA4CTL_H                              
00000550  DMA4CTL_L                              
00000556  DMA4DA                                 
00000558  DMA4DAH                                
00000556  DMA4DAL                                
00000552  DMA4SA                                 
00000554  DMA4SAH                                
00000552  DMA4SAL                                
0000055a  DMA4SZ                                 
0000055b  DMA4SZ_H                               
0000055a  DMA4SZ_L                               
00000560  DMA5CTL                                
00000561  DMA5CTL_H                              
00000560  DMA5CTL_L                              
00000566  DMA5DA                                 
00000568  DMA5DAH                                
00000566  DMA5DAL                                
00000562  DMA5SA                                 
00000564  DMA5SAH                                
00000562  DMA5SAL                                
0000056a  DMA5SZ                                 
0000056b  DMA5SZ_H                               
0000056a  DMA5SZ_L                               
00000500  DMACTL0                                
00000501  DMACTL0_H                              
00000500  DMACTL0_L                              
00000502  DMACTL1                                
00000503  DMACTL1_H                              
00000502  DMACTL1_L                              
00000504  DMACTL2                                
00000505  DMACTL2_H                              
00000504  DMACTL2_L                              
00000508  DMACTL4                                
00000509  DMACTL4_H                              
00000508  DMACTL4_L                              
0000050e  DMAIV                                  
0000050f  DMAIV_H                                
0000050e  DMAIV_L                                
00000140  FRCTL0                                 
00000141  FRCTL0_H                               
00000140  FRCTL0_L                               
00000144  GCCTL0                                 
00000145  GCCTL0_H                               
00000144  GCCTL0_L                               
00000146  GCCTL1                                 
00000147  GCCTL1_H                               
00000146  GCCTL1_L                               
000157b6  HOSTclose                              
00014ea4  HOSTlseek                              
000152ae  HOSTopen                               
0001538a  HOSTread                               
00015152  HOSTrename                             
000158e0  HOSTunlink                             
0001531e  HOSTwrite                              
00000a80  LEACAP                                 
00000a82  LEACAPH                                
00000a80  LEACAPL                                
00000a98  LEACMA                                 
00000a9a  LEACMAH                                
00000a98  LEACMAL                                
00000a9c  LEACMCTL                               
00000a9e  LEACMCTLH                              
00000a9c  LEACMCTLL                              
00000aa8  LEACMDSTAT                             
00000aaa  LEACMDSTATH                            
00000aa8  LEACMDSTATL                            
00000a84  LEACNF0                                
00000a86  LEACNF0H                               
00000a84  LEACNF0L                               
00000a88  LEACNF1                                
00000a8a  LEACNF1H                               
00000a88  LEACNF1L                               
00000a8c  LEACNF2                                
00000a8e  LEACNF2H                               
00000a8c  LEACNF2L                               
00000ab4  LEADSTSTAT                             
00000ab6  LEADSTSTATH                            
00000ab4  LEADSTSTATL                            
00000af4  LEAIE                                  
00000af6  LEAIEH                                 
00000af4  LEAIEL                                 
00000af8  LEAIFG                                 
00000afa  LEAIFGH                                
00000af8  LEAIFGL                                
00000af0  LEAIFGSET                              
00000af2  LEAIFGSETH                             
00000af0  LEAIFGSETL                             
00000afc  LEAIV                                  
00000afe  LEAIVH                                 
00000afc  LEAIVL                                 
00000a90  LEAMB                                  
00000a92  LEAMBH                                 
00000a90  LEAMBL                                 
00000a94  LEAMT                                  
00000a96  LEAMTH                                 
00000a94  LEAMTL                                 
00000ad0  LEAPMCB                                
00000ad2  LEAPMCBH                               
00000ad0  LEAPMCBL                               
00000ac0  LEAPMCTL                               
00000ac2  LEAPMCTLH                              
00000ac0  LEAPMCTLL                              
00000ac4  LEAPMDST                               
00000ac6  LEAPMDSTH                              
00000ac4  LEAPMDSTL                              
00000acc  LEAPMS0                                
00000ace  LEAPMS0H                               
00000acc  LEAPMS0L                               
00000ac8  LEAPMS1                                
00000aca  LEAPMS1H                               
00000ac8  LEAPMS1L                               
00000ab0  LEAS0STAT                              
00000ab2  LEAS0STATH                             
00000ab0  LEAS0STATL                             
00000aac  LEAS1STAT                              
00000aae  LEAS1STATH                             
00000aac  LEAS1STATL                             
000004c4  MAC                                    
000004da  MAC32H                                 
000004db  MAC32H_H                               
000004da  MAC32H_L                               
000004d8  MAC32L                                 
000004d9  MAC32L_H                               
000004d8  MAC32L_L                               
000004c6  MACS                                   
000004de  MACS32H                                
000004df  MACS32H_H                              
000004de  MACS32H_L                              
000004dc  MACS32L                                
000004dd  MACS32L_H                              
000004dc  MACS32L_L                              
000004c7  MACS_H                                 
000004c6  MACS_L                                 
000004c5  MAC_H                                  
000004c4  MAC_L                                  
000005a0  MPUCTL0                                
000005a1  MPUCTL0_H                              
000005a0  MPUCTL0_L                              
000005a2  MPUCTL1                                
000005a3  MPUCTL1_H                              
000005a2  MPUCTL1_L                              
000005aa  MPUIPC0                                
000005ab  MPUIPC0_H                              
000005aa  MPUIPC0_L                              
000005ae  MPUIPSEGB1                             
000005af  MPUIPSEGB1_H                           
000005ae  MPUIPSEGB1_L                           
000005ac  MPUIPSEGB2                             
000005ad  MPUIPSEGB2_H                           
000005ac  MPUIPSEGB2_L                           
000005a8  MPUSAM                                 
000005a9  MPUSAM_H                               
000005a8  MPUSAM_L                               
000005a6  MPUSEGB1                               
000005a7  MPUSEGB1_H                             
000005a6  MPUSEGB1_L                             
000005a4  MPUSEGB2                               
000005a5  MPUSEGB2_H                             
000005a4  MPUSEGB2_L                             
000004c0  MPY                                    
000004ec  MPY32CTL0                              
000004ed  MPY32CTL0_H                            
000004ec  MPY32CTL0_L                            
000004d2  MPY32H                                 
000004d3  MPY32H_H                               
000004d2  MPY32H_L                               
000004d0  MPY32L                                 
000004d1  MPY32L_H                               
000004d0  MPY32L_L                               
000004c2  MPYS                                   
000004d6  MPYS32H                                
000004d7  MPYS32H_H                              
000004d6  MPYS32H_L                              
000004d4  MPYS32L                                
000004d5  MPYS32L_H                              
000004d4  MPYS32L_L                              
000004c3  MPYS_H                                 
000004c2  MPYS_L                                 
000004c1  MPY_H                                  
000004c0  MPY_L                                  
000004c8  OP2                                    
000004e2  OP2H                                   
000004e3  OP2H_H                                 
000004e2  OP2H_L                                 
000004e0  OP2L                                   
000004e1  OP2L_H                                 
000004e0  OP2L_L                                 
000004c9  OP2_H                                  
000004c8  OP2_L                                  
00000204  P1DIR                                  
0000021a  P1IE                                   
00000218  P1IES                                  
0000021c  P1IFG                                  
00000200  P1IN                                   
0000020e  P1IV                                   
0000020f  P1IV_H                                 
0000020e  P1IV_L                                 
00000202  P1OUT                                  
00000206  P1REN                                  
0000020a  P1SEL0                                 
0000020c  P1SEL1                                 
00000216  P1SELC                                 
00000205  P2DIR                                  
0000021b  P2IE                                   
00000219  P2IES                                  
0000021d  P2IFG                                  
00000201  P2IN                                   
0000021e  P2IV                                   
0000021f  P2IV_H                                 
0000021e  P2IV_L                                 
00000203  P2OUT                                  
00000207  P2REN                                  
0000020b  P2SEL0                                 
0000020d  P2SEL1                                 
00000217  P2SELC                                 
00000224  P3DIR                                  
0000023a  P3IE                                   
00000238  P3IES                                  
0000023c  P3IFG                                  
00000220  P3IN                                   
0000022e  P3IV                                   
0000022f  P3IV_H                                 
0000022e  P3IV_L                                 
00000222  P3OUT                                  
00000226  P3REN                                  
0000022a  P3SEL0                                 
0000022c  P3SEL1                                 
00000236  P3SELC                                 
00000225  P4DIR                                  
0000023b  P4IE                                   
00000239  P4IES                                  
0000023d  P4IFG                                  
00000221  P4IN                                   
0000023e  P4IV                                   
0000023f  P4IV_H                                 
0000023e  P4IV_L                                 
00000223  P4OUT                                  
00000227  P4REN                                  
0000022b  P4SEL0                                 
0000022d  P4SEL1                                 
00000237  P4SELC                                 
00000244  P5DIR                                  
0000025a  P5IE                                   
00000258  P5IES                                  
0000025c  P5IFG                                  
00000240  P5IN                                   
0000024e  P5IV                                   
0000024f  P5IV_H                                 
0000024e  P5IV_L                                 
00000242  P5OUT                                  
00000246  P5REN                                  
0000024a  P5SEL0                                 
0000024c  P5SEL1                                 
00000256  P5SELC                                 
00000245  P6DIR                                  
0000025b  P6IE                                   
00000259  P6IES                                  
0000025d  P6IFG                                  
00000241  P6IN                                   
0000025e  P6IV                                   
0000025f  P6IV_H                                 
0000025e  P6IV_L                                 
00000243  P6OUT                                  
00000247  P6REN                                  
0000024b  P6SEL0                                 
0000024d  P6SEL1                                 
00000257  P6SELC                                 
00000264  P7DIR                                  
0000027a  P7IE                                   
00000278  P7IES                                  
0000027c  P7IFG                                  
00000260  P7IN                                   
0000026e  P7IV                                   
0000026f  P7IV_H                                 
0000026e  P7IV_L                                 
00000262  P7OUT                                  
00000266  P7REN                                  
0000026a  P7SEL0                                 
0000026c  P7SEL1                                 
00000276  P7SELC                                 
00000265  P8DIR                                  
0000027b  P8IE                                   
00000279  P8IES                                  
0000027d  P8IFG                                  
00000261  P8IN                                   
0000027e  P8IV                                   
0000027f  P8IV_H                                 
0000027e  P8IV_L                                 
00000263  P8OUT                                  
00000267  P8REN                                  
0000026b  P8SEL0                                 
0000026d  P8SEL1                                 
00000277  P8SELC                                 
00000204  PADIR                                  
00000205  PADIR_H                                
00000204  PADIR_L                                
0000021a  PAIE                                   
00000218  PAIES                                  
00000219  PAIES_H                                
00000218  PAIES_L                                
0000021b  PAIE_H                                 
0000021a  PAIE_L                                 
0000021c  PAIFG                                  
0000021d  PAIFG_H                                
0000021c  PAIFG_L                                
00000200  PAIN                                   
00000201  PAIN_H                                 
00000200  PAIN_L                                 
00000202  PAOUT                                  
00000203  PAOUT_H                                
00000202  PAOUT_L                                
00000206  PAREN                                  
00000207  PAREN_H                                
00000206  PAREN_L                                
0000020a  PASEL0                                 
0000020b  PASEL0_H                               
0000020a  PASEL0_L                               
0000020c  PASEL1                                 
0000020d  PASEL1_H                               
0000020c  PASEL1_L                               
00000216  PASELC                                 
00000217  PASELC_H                               
00000216  PASELC_L                               
00000224  PBDIR                                  
00000225  PBDIR_H                                
00000224  PBDIR_L                                
0000023a  PBIE                                   
00000238  PBIES                                  
00000239  PBIES_H                                
00000238  PBIES_L                                
0000023b  PBIE_H                                 
0000023a  PBIE_L                                 
0000023c  PBIFG                                  
0000023d  PBIFG_H                                
0000023c  PBIFG_L                                
00000220  PBIN                                   
00000221  PBIN_H                                 
00000220  PBIN_L                                 
00000222  PBOUT                                  
00000223  PBOUT_H                                
00000222  PBOUT_L                                
00000226  PBREN                                  
00000227  PBREN_H                                
00000226  PBREN_L                                
0000022a  PBSEL0                                 
0000022b  PBSEL0_H                               
0000022a  PBSEL0_L                               
0000022c  PBSEL1                                 
0000022d  PBSEL1_H                               
0000022c  PBSEL1_L                               
00000236  PBSELC                                 
00000237  PBSELC_H                               
00000236  PBSELC_L                               
00000244  PCDIR                                  
00000245  PCDIR_H                                
00000244  PCDIR_L                                
0000025a  PCIE                                   
00000258  PCIES                                  
00000259  PCIES_H                                
00000258  PCIES_L                                
0000025b  PCIE_H                                 
0000025a  PCIE_L                                 
0000025c  PCIFG                                  
0000025d  PCIFG_H                                
0000025c  PCIFG_L                                
00000240  PCIN                                   
00000241  PCIN_H                                 
00000240  PCIN_L                                 
00000242  PCOUT                                  
00000243  PCOUT_H                                
00000242  PCOUT_L                                
00000246  PCREN                                  
00000247  PCREN_H                                
00000246  PCREN_L                                
0000024a  PCSEL0                                 
0000024b  PCSEL0_H                               
0000024a  PCSEL0_L                               
0000024c  PCSEL1                                 
0000024d  PCSEL1_H                               
0000024c  PCSEL1_L                               
[...]
000008ce  CEIV                                   
000008ce  CEIV_L                                 
000008cf  CEIV_H                                 
00000980  CRC32DIW0                              
00000980  CRC32DIW0_L                            
00000981  CRC32DIW0_H                            
00000982  CRC32DIW1                              
00000982  CRC32DIW1_L                            
00000983  CRC32DIW1_H                            
00000984  CRC32DIRBW1                            
00000984  CRC32DIRBW1_L                          
00000985  CRC32DIRBW1_H                          
00000986  CRC32DIRBW0                            
00000986  CRC32DIRBW0_L                          
00000987  CRC32DIRBW0_H                          
00000988  CRC32INIRESW0                          
00000988  CRC32INIRESW0_L                        
00000989  CRC32INIRESW0_H                        
0000098a  CRC32INIRESW1                          
0000098a  CRC32INIRESW1_L                        
0000098b  CRC32INIRESW1_H                        
0000098c  CRC32RESRW1                            
0000098c  CRC32RESRW1_L                          
0000098d  CRC32RESRW1_H                          
0000098e  CRC32RESRW0                            
0000098e  CRC32RESRW0_L                          
0000098f  CRC32RESRW0_H                          
00000990  CRC16DIW0                              
00000990  CRC16DIW0_L                            
00000991  CRC16DIW0_H                            
00000996  CRC16DIRBW0                            
00000996  CRC16DIRBW0_L                          
00000997  CRC16DIRBW0_H                          
00000998  CRC16INIRESW0                          
00000998  CRC16INIRESW0_L                        
00000999  CRC16INIRESW0_H                        
0000099e  CRC16RESRW0                            
0000099e  CRC16RESRW0_L                          
0000099f  CRC16RESRW0_H                          
000009c0  AESACTL0                               
000009c0  AESACTL0_L                             
000009c1  AESACTL0_H                             
000009c2  AESACTL1                               
000009c2  AESACTL1_L                             
000009c3  AESACTL1_H                             
000009c4  AESASTAT                               
000009c4  AESASTAT_L                             
000009c5  AESASTAT_H                             
000009c6  AESAKEY                                
000009c6  AESAKEY_L                              
000009c7  AESAKEY_H                              
000009c8  AESADIN                                
000009c8  AESADIN_L                              
000009c9  AESADIN_H                              
000009ca  AESADOUT                               
000009ca  AESADOUT_L                             
000009cb  AESADOUT_H                             
000009cc  AESAXDIN                               
000009cc  AESAXDIN_L                             
000009cd  AESAXDIN_H                             
000009ce  AESAXIN                                
000009ce  AESAXIN_L                              
000009cf  AESAXIN_H                              
00000a80  LEACAP                                 
00000a80  LEACAPL                                
00000a82  LEACAPH                                
00000a84  LEACNF0                                
00000a84  LEACNF0L                               
00000a86  LEACNF0H                               
00000a88  LEACNF1                                
00000a88  LEACNF1L                               
00000a8a  LEACNF1H                               
00000a8c  LEACNF2                                
00000a8c  LEACNF2L                               
00000a8e  LEACNF2H                               
00000a90  LEAMB                                  
00000a90  LEAMBL                                 
00000a92  LEAMBH                                 
00000a94  LEAMT                                  
00000a94  LEAMTL                                 
00000a96  LEAMTH                                 
00000a98  LEACMA                                 
00000a98  LEACMAL                                
00000a9a  LEACMAH                                
00000a9c  LEACMCTL                               
00000a9c  LEACMCTLL                              
00000a9e  LEACMCTLH                              
00000aa8  LEACMDSTAT                             
00000aa8  LEACMDSTATL                            
00000aaa  LEACMDSTATH                            
00000aac  LEAS1STAT                              
00000aac  LEAS1STATL                             
00000aae  LEAS1STATH                             
00000ab0  LEAS0STAT                              
00000ab0  LEAS0STATL                             
00000ab2  LEAS0STATH                             
00000ab4  LEADSTSTAT                             
00000ab4  LEADSTSTATL                            
00000ab6  LEADSTSTATH                            
00000ac0  LEAPMCTL                               
00000ac0  LEAPMCTLL                              
00000ac2  LEAPMCTLH                              
00000ac4  LEAPMDST                               
00000ac4  LEAPMDSTL                              
00000ac6  LEAPMDSTH                              
00000ac8  LEAPMS1                                
00000ac8  LEAPMS1L                               
00000aca  LEAPMS1H                               
00000acc  LEAPMS0                                
00000acc  LEAPMS0L                               
00000ace  LEAPMS0H                               
00000ad0  LEAPMCB                                
00000ad0  LEAPMCBL                               
00000ad2  LEAPMCBH                               
00000af0  LEAIFGSET                              
00000af0  LEAIFGSETL                             
00000af2  LEAIFGSETH                             
00000af4  LEAIE                                  
00000af4  LEAIEL                                 
00000af6  LEAIEH                                 
00000af8  LEAIFG                                 
00000af8  LEAIFGL                                
00000afa  LEAIFGH                                
00000afc  LEAIV                                  
00000afc  LEAIVL                                 
00000afe  LEAIVH                                 
00001c00  _ftable                                
00001cc8  _device                                
00001d40  _stream                                
00001d7c  test_data                              
00001d80  test_label                             
00001d84  __TI_cleanup_ptr                       
00001d88  __TI_dtors_ptr                         
00001d8c  _lock                                  
00001d90  _unlock                                
00001d94  __TI_ft_end                            
00001d96  errno                                  
00001d98  __TI_enable_exit_profile_output        
00001d9c  __TI_tmpnams                           
00001e3c  fftParams                              
00001e44  parmbuf                                
00001e50  cycleCount                             
00001e54  fillParams                             
00001e58  shiftparams                            
00001e5c  addParams                              
00001e5e  convParams                             
00001e60  i                                      
00001e62  j                                      
00001e64  k                                      
00001e66  l0                                     
00001e68  l1                                     
00001e6a  length1                                
00001e6c  macParams                              
00001e6e  mpyParams                              
00001e70  msp_lea_ifg                            
00001e72  msp_lea_locked                         
00001e74  o0                                     
00001e76  o1                                     
00001e78  predict                                
00001e7a  w0                                     
00001e7c  x                                      
00001e7e  y                                      
00001e80  z                                      
00001e82  left                                   
00002b60  _stack                                 
00002c00  __STACK_END                            
00002c00  inputMatrixColumn                      
00003000  circularMatrixColumn                   
00003200  in                                     
00003240  we                                     
00003280  res                                    
00003284  mac_result                             
00003288  result                                 
00004000  f_layer1                               
00004000  fram_rw_start                          
00005b00  n_weight2_3                            
00006dc0  f_layer3                               
000075c0  f_layer2                               
00007c80  f_input                                
000082a0  f_layer4                               
000084a0  f_layerLast                            
000086a0  n_weight0_1                            
000087cc  n_bias2_3                              
000087ec  f_output                               
00008800  n_bias5_6                              
00008814  n_bias0_1                              
00008820  _CIOBUF_                               
00008940  _sys_memory                            
00008c00  _c_int00_noargs                        
00008c00  fram_ipe_end                           
00008c00  fram_ipe_start                         
00008c00  fram_rx_start                          
00008c1c  msp_lea_isr                            
00008c38  __TI_ISR_TRAP                          
00008c40  weight5_6                              
0000a040  weight4_5                              
0000a440  n_bias4_5                              
0000a660  msp_shift_right_factor_q15             
0000a72a  __TI_Handler_Table_Base                
0000a736  __TI_Handler_Table_Limit               
0000a746  __TI_CINIT_Base                        
0000a75e  __TI_CINIT_Limit                       
0000ffb4  __TI_int18                             
0000ffb6  __TI_int19                             
0000ffb8  __TI_int20                             
0000ffba  __TI_int21                             
0000ffbc  __TI_int22                             
0000ffbe  __TI_int23                             
0000ffc0  __TI_int24                             
0000ffc2  __TI_int25                             
0000ffc4  __TI_int26                             
0000ffc6  __TI_int27                             
0000ffc8  __TI_int28                             
0000ffca  __TI_int29                             
0000ffcc  __TI_int30                             
0000ffce  __TI_int31                             
0000ffd0  __TI_int32                             
0000ffd2  __TI_int33                             
0000ffd4  __TI_int34                             
0000ffd6  __TI_int35                             
0000ffd8  __TI_int36                             
0000ffda  __TI_int37                             
0000ffdc  __TI_int38                             
0000ffde  __TI_int39                             
0000ffe0  __TI_int40                             
0000ffe2  __TI_int41                             
0000ffe4  __TI_int42                             
0000ffe6  __TI_int43                             
0000ffe8  __TI_int44                             
0000ffea  __TI_int45                             
0000ffec  __TI_int46                             
0000ffee  __TI_int47                             
0000fff0  __TI_int48                             
0000fff2  __TI_int49                             
0000fff4  __TI_int50                             
0000fff6  __TI_int51                             
0000fff8  __TI_int52                             
0000fffa  __TI_int53                             
0000fffc  __TI_int54                             
0000fffe  _reset_vector                          
00010000  pow                                    
00010000  powl                                   
000116e8  __TI_frcdivd                           
00011b4e  __mspabi_addd                          
00011e2e  sqrt                                   
00011e2e  sqrtl                                  
0001210c  __TI_frcmpyd                           
0001238c  __mspabi_mpyd                          
000125f2  __TI_frcaddd                           
0001283a  msp_cmplx_shift_q15                    
00012a6c  __mspabi_divd                          
00012c8e  msp_shift_q15                          
00013070  msp_add_q15                            
00013216  msp_cmplx_mpy_q15                      
000133b4  msp_mac_q15                            
0001354c  msp_deinterleave_q15                   
0001384c  msp_cmplx_fft_auto_q15                 
000139be  msp_fill_q15                           
00013b2a  ldexp                                  
00013b2a  ldexpl                                 
00013b2a  scalbn                                 
00013b2a  scalbnl                                
00013c84  msp_cmplx_fft_fixed_q15                
00013dda  msp_copy_q15                           
0001405a  msp_cmplx_bitrev_q15                   
00014406  __mspabi_subf                          
0001440c  __mspabi_addf                          
00014538  aligned_alloc                          
00014538  memalign                               
00014664  fputs                                  
00014838  free                                   
0001491a  setvbuf                                
000149f8  __TI_printfi_minimal                   
00014bae  __mspabi_cmpd                          
00014d54  __TI_renormd                           
00014e06  __mspabi_fltlid                        
00014ea4  HOSTlseek                              
00014f3e  fputc                                  
00014f3e  putc                                   
00014fce  __mspabi_divf                          
0001505e  __TI_wrt_ok                            
000150dc  __TI_decompress_lzss                   
00015152  HOSTrename                             
000151c6  __TI_closefile                         
000152ae  HOSTopen                               
0001531e  HOSTwrite                              
0001538a  HOSTread                               
000153f4  configGPIO                             
0001545e  fseek                                  
000154c8  __mspabi_fixdli                        
0001552e  msp_cmplx_ifft_fixed_q15               
00015594  __TI_doflush                           
000155f8  __mspabi_cvtfd                         
0001565c  close                                  
000156b6  getdevice                              
00015710  __TI_auto_init_nobinit_nopinit_hold_wdt
00015764  msp_lea_init                           
000157b6  HOSTclose                              
00015804  exit                                   
0001584e  printf                                 
000158e0  HOSTunlink                             
00015926  configClocks                           
000159b2  msp_lea_getRevision                    
000159f6  __mspabi_sral_15                       
000159fa  __mspabi_sral_14                       
000159fe  __mspabi_sral_13                       
00015a02  __mspabi_sral_12                       
00015a06  __mspabi_sral_11                       
00015a0a  __mspabi_sral_10                       
00015a0e  __mspabi_sral_9                        
00015a12  __mspabi_sral_8                        
00015a16  __mspabi_sral_7                        
00015a1a  __mspabi_sral_6                        
00015a1e  __mspabi_sral_5                        
00015a22  __mspabi_sral_4                        
00015a26  __mspabi_sral_3                        
00015a2a  __mspabi_sral_2                        
00015a2e  __mspabi_sral_1                        
00015a34  __mspabi_slll_15                       
00015a38  __mspabi_slll_14                       
00015a3c  __mspabi_slll_13                       
00015a40  __mspabi_slll_12                       
00015a44  __mspabi_slll_11                       
00015a48  __mspabi_slll_10                       
00015a4c  __mspabi_slll_9                        
00015a50  __mspabi_slll_8                        
00015a54  __mspabi_slll_7                        
00015a58  __mspabi_slll_6                        
00015a5c  __mspabi_slll_5                        
00015a60  __mspabi_slll_4                        
00015a64  __mspabi_slll_3                        
00015a68  __mspabi_slll_2                        
00015a6c  __mspabi_slll_1                        
00015a72  __mspabi_srll_15                       
00015a76  __mspabi_srll_14                       
00015a7a  __mspabi_srll_13                       
00015a7e  __mspabi_srll_12                       
00015a82  __mspabi_srll_11                       
00015a86  __mspabi_srll_10                       
00015a8a  __mspabi_srll_9                        
00015a8e  __mspabi_srll_8                        
00015a92  __mspabi_srll_7                        
00015a96  __mspabi_srll_6                        
00015a9a  __mspabi_srll_5                        
00015a9e  __mspabi_srll_4                        
00015aa2  __mspabi_srll_3                        
00015aa6  __mspabi_srll_2                        
00015aaa  __mspabi_srll_1                        
00015ab0  lseek                                  
00015b2a  write                                  
00015ba0  testFirstImage                         
00015bd8  __TI_cleanup                           
00015c0e  __TI_writemsg                          
00015c40  C$$IO$$                                
00015c44  __mspabi_fltif                         
00015cae  __TI_readmsg                           
00015ce0  __mspabi_subd                          
00015d12  strncpy                                
00015d74  remove                                 
00015d74  unlink                                 
00015da4  __mspabi_negd                          
00015dd2  copysign                               
00015dd2  copysignl                              
00015e00  finddevice                             
00015e5a  __mspabi_divi                          
00015e5a  __mspabi_remi                          
00015eb0  __mspabi_fixdi                         
00015ed8  __TI_zero_init_nomemset                
00015efc  __mspabi_mpyl_f5hw                     
00015f20  msp_cmplx_conj_q15                     
00015f40  memccpy                                
00015f5e  msp_iq31_to_q15                        
00015f7c  strchr                                 
00015f98  strcmp                                 
00015fb4  main                                   
00015fce  __mspabi_mpyi_f5hw                     
00015fe6  Predict                                
00016012  memchr                                 
00016028  memset                                 
0001603e  __mspabi_divu                          
0001603e  __mspabi_remu                          
00016054  memcpy                                 
00016068  __TI_decompress_none                   
0001607a  strcpy                                 
0001608c  __mspabi_sral                          
0001609c  __mspabi_slll                          
000160ac  __mspabi_srll                          
000160bc  strlen                                 
000160ca  __mspabi_slli                          
000160d4  malloc                                 
000160e2  C$$EXIT                                
000160e2  abort                                  
000160ec  _system_pre_init                       
000160f0  _nop                                   
000160f2  _system_post_cinit                     
ffffffff  __TI_pprof_out_hndl                    
ffffffff  __TI_prof_data_size                    
ffffffff  __TI_prof_data_start                   
ffffffff  __c_args__                             

[1774 symbols]
