<?xml version="1.0" encoding="ISO-8859-1" ?>
<link_info>
   <banner>MSP430 Linker PC v18.12.4.LTS</banner>
   <copyright>Copyright (c) 2003-2018 Texas Instruments Incorporated</copyright>
   <link_time>0x606abc2a</link_time>
   <link_errors>0x0</link_errors>
   <output_file>FFT_lenet.out</output_file>
   <entry_point>
      <name>_c_int00_noargs</name>
      <address>0x8c00</address>
   </entry_point>
   <input_file_list>
      <input_file id="fl-2">
         <path>.\</path>
         <kind>object</kind>
         <file>acce.obj</file>
         <name>acce.obj</name>
      </input_file>
      <input_file id="fl-3">
         <path>.\</path>
         <kind>object</kind>
         <file>lenet.obj</file>
         <name>lenet.obj</name>
      </input_file>
      <input_file id="fl-4">
         <path>.\</path>
         <kind>object</kind>
         <file>main.obj</file>
         <name>main.obj</name>
      </input_file>
      <input_file id="fl-5">
         <path>.\dsplib\source\filter\</path>
         <kind>object</kind>
         <file>msp_biquad_cascade_df1_q15.obj</file>
         <name>msp_biquad_cascade_df1_q15.obj</name>
      </input_file>
      <input_file id="fl-6">
         <path>.\dsplib\source\filter\</path>
         <kind>object</kind>
         <file>msp_biquad_cascade_df2_ext_q15.obj</file>
         <name>msp_biquad_cascade_df2_ext_q15.obj</name>
      </input_file>
      <input_file id="fl-7">
         <path>.\dsplib\source\filter\</path>
         <kind>object</kind>
         <file>msp_biquad_cascade_df2_q15.obj</file>
         <name>msp_biquad_cascade_df2_q15.obj</name>
      </input_file>
      <input_file id="fl-8">
         <path>.\dsplib\source\filter\</path>
         <kind>object</kind>
         <file>msp_biquad_df1_q15.obj</file>
         <name>msp_biquad_df1_q15.obj</name>
      </input_file>
      <input_file id="fl-9">
         <path>.\dsplib\source\filter\</path>
         <kind>object</kind>
         <file>msp_biquad_df2_ext_q15.obj</file>
         <name>msp_biquad_df2_ext_q15.obj</name>
      </input_file>
      <input_file id="fl-a">
         <path>.\dsplib\source\filter\</path>
         <kind>object</kind>
         <file>msp_biquad_df2_q15.obj</file>
         <name>msp_biquad_df2_q15.obj</name>
      </input_file>
      <input_file id="fl-b">
         <path>.\dsplib\source\filter\</path>
         <kind>object</kind>
         <file>msp_cmplx_fir_iq31.obj</file>
         <name>msp_cmplx_fir_iq31.obj</name>
      </input_file>
      <input_file id="fl-c">
         <path>.\dsplib\source\filter\</path>
         <kind>object</kind>
         <file>msp_cmplx_fir_q15.obj</file>
         <name>msp_cmplx_fir_q15.obj</name>
      </input_file>
      <input_file id="fl-d">
         <path>.\dsplib\source\filter\</path>
         <kind>object</kind>
         <file>msp_fir_iq31.obj</file>
         <name>msp_fir_iq31.obj</name>
      </input_file>
      <input_file id="fl-e">
         <path>.\dsplib\source\filter\</path>
         <kind>object</kind>
         <file>msp_fir_q15.obj</file>
         <name>msp_fir_q15.obj</name>
      </input_file>
      <input_file id="fl-f">
         <path>.\dsplib\source\lea\</path>
         <kind>object</kind>
         <file>msp_lea_flags.obj</file>
         <name>msp_lea_flags.obj</name>
      </input_file>
      <input_file id="fl-10">
         <path>.\dsplib\source\lea\</path>
         <kind>object</kind>
         <file>msp_lea_init.obj</file>
         <name>msp_lea_init.obj</name>
      </input_file>
      <input_file id="fl-11">
         <path>.\dsplib\source\lea\</path>
         <kind>object</kind>
         <file>msp_lea_isr.obj</file>
         <name>msp_lea_isr.obj</name>
      </input_file>
      <input_file id="fl-12">
         <path>.\dsplib\source\lea\</path>
         <kind>object</kind>
         <file>msp_lea_patch.obj</file>
         <name>msp_lea_patch.obj</name>
      </input_file>
      <input_file id="fl-13">
         <path>.\dsplib\source\matrix\</path>
         <kind>object</kind>
         <file>msp_matrix_abs_iq31.obj</file>
         <name>msp_matrix_abs_iq31.obj</name>
      </input_file>
      <input_file id="fl-14">
         <path>.\dsplib\source\matrix\</path>
         <kind>object</kind>
         <file>msp_matrix_abs_q15.obj</file>
         <name>msp_matrix_abs_q15.obj</name>
      </input_file>
      <input_file id="fl-15">
         <path>.\dsplib\source\matrix\</path>
         <kind>object</kind>
         <file>msp_matrix_add_iq31.obj</file>
         <name>msp_matrix_add_iq31.obj</name>
      </input_file>
      <input_file id="fl-16">
         <path>.\dsplib\source\matrix\</path>
         <kind>object</kind>
         <file>msp_matrix_add_q15.obj</file>
         <name>msp_matrix_add_q15.obj</name>
      </input_file>
      <input_file id="fl-17">
         <path>.\dsplib\source\matrix\</path>
         <kind>object</kind>
         <file>msp_matrix_mpy_iq31.obj</file>
         <name>msp_matrix_mpy_iq31.obj</name>
      </input_file>
      <input_file id="fl-18">
         <path>.\dsplib\source\matrix\</path>
         <kind>object</kind>
         <file>msp_matrix_mpy_q15.obj</file>
         <name>msp_matrix_mpy_q15.obj</name>
      </input_file>
      <input_file id="fl-19">
         <path>.\dsplib\source\matrix\</path>
         <kind>object</kind>
         <file>msp_matrix_neg_iq31.obj</file>
         <name>msp_matrix_neg_iq31.obj</name>
      </input_file>
      <input_file id="fl-1a">
         <path>.\dsplib\source\matrix\</path>
         <kind>object</kind>
         <file>msp_matrix_neg_q15.obj</file>
         <name>msp_matrix_neg_q15.obj</name>
      </input_file>
      <input_file id="fl-1b">
         <path>.\dsplib\source\matrix\</path>
         <kind>object</kind>
         <file>msp_matrix_offset_iq31.obj</file>
         <name>msp_matrix_offset_iq31.obj</name>
      </input_file>
      <input_file id="fl-1c">
         <path>.\dsplib\source\matrix\</path>
         <kind>object</kind>
         <file>msp_matrix_offset_q15.obj</file>
         <name>msp_matrix_offset_q15.obj</name>
      </input_file>
      <input_file id="fl-1d">
         <path>.\dsplib\source\matrix\</path>
         <kind>object</kind>
         <file>msp_matrix_scale_iq31.obj</file>
         <name>msp_matrix_scale_iq31.obj</name>
      </input_file>
      <input_file id="fl-1e">
         <path>.\dsplib\source\matrix\</path>
         <kind>object</kind>
         <file>msp_matrix_scale_q15.obj</file>
         <name>msp_matrix_scale_q15.obj</name>
      </input_file>
      <input_file id="fl-1f">
         <path>.\dsplib\source\matrix\</path>
         <kind>object</kind>
         <file>msp_matrix_shift_iq31.obj</file>
         <name>msp_matrix_shift_iq31.obj</name>
      </input_file>
      <input_file id="fl-20">
         <path>.\dsplib\source\matrix\</path>
         <kind>object</kind>
         <file>msp_matrix_shift_q15.obj</file>
         <name>msp_matrix_shift_q15.obj</name>
      </input_file>
      <input_file id="fl-21">
         <path>.\dsplib\source\matrix\</path>
         <kind>object</kind>
         <file>msp_matrix_sub_iq31.obj</file>
         <name>msp_matrix_sub_iq31.obj</name>
      </input_file>
      <input_file id="fl-22">
         <path>.\dsplib\source\matrix\</path>
         <kind>object</kind>
         <file>msp_matrix_sub_q15.obj</file>
         <name>msp_matrix_sub_q15.obj</name>
      </input_file>
      <input_file id="fl-23">
         <path>.\dsplib\source\matrix\</path>
         <kind>object</kind>
         <file>msp_matrix_trans_iq31.obj</file>
         <name>msp_matrix_trans_iq31.obj</name>
      </input_file>
      <input_file id="fl-24">
         <path>.\dsplib\source\matrix\</path>
         <kind>object</kind>
         <file>msp_matrix_trans_q15.obj</file>
         <name>msp_matrix_trans_q15.obj</name>
      </input_file>
      <input_file id="fl-25">
         <path>.\dsplib\source\transform\</path>
         <kind>object</kind>
         <file>msp_cmplx_bitrev_iq31.obj</file>
         <name>msp_cmplx_bitrev_iq31.obj</name>
      </input_file>
      <input_file id="fl-26">
         <path>.\dsplib\source\transform\</path>
         <kind>object</kind>
         <file>msp_cmplx_bitrev_q15.obj</file>
         <name>msp_cmplx_bitrev_q15.obj</name>
      </input_file>
      <input_file id="fl-27">
         <path>.\dsplib\source\transform\</path>
         <kind>object</kind>
         <file>msp_cmplx_fft_auto_q15.obj</file>
         <name>msp_cmplx_fft_auto_q15.obj</name>
      </input_file>
      <input_file id="fl-28">
         <path>.\dsplib\source\transform\</path>
         <kind>object</kind>
         <file>msp_cmplx_fft_fixed_q15.obj</file>
         <name>msp_cmplx_fft_fixed_q15.obj</name>
      </input_file>
      <input_file id="fl-29">
         <path>.\dsplib\source\transform\</path>
         <kind>object</kind>
         <file>msp_cmplx_fft_iq31.obj</file>
         <name>msp_cmplx_fft_iq31.obj</name>
      </input_file>
      <input_file id="fl-2a">
         <path>.\dsplib\source\transform\</path>
         <kind>object</kind>
         <file>msp_cmplx_ifft_auto_q15.obj</file>
         <name>msp_cmplx_ifft_auto_q15.obj</name>
      </input_file>
      <input_file id="fl-2b">
         <path>.\dsplib\source\transform\</path>
         <kind>object</kind>
         <file>msp_cmplx_ifft_fixed_q15.obj</file>
         <name>msp_cmplx_ifft_fixed_q15.obj</name>
      </input_file>
      <input_file id="fl-2c">
         <path>.\dsplib\source\transform\</path>
         <kind>object</kind>
         <file>msp_cmplx_ifft_iq31.obj</file>
         <name>msp_cmplx_ifft_iq31.obj</name>
      </input_file>
      <input_file id="fl-2d">
         <path>.\dsplib\source\transform\</path>
         <kind>object</kind>
         <file>msp_fft_auto_q15.obj</file>
         <name>msp_fft_auto_q15.obj</name>
      </input_file>
      <input_file id="fl-2e">
         <path>.\dsplib\source\transform\</path>
         <kind>object</kind>
         <file>msp_fft_fixed_q15.obj</file>
         <name>msp_fft_fixed_q15.obj</name>
      </input_file>
      <input_file id="fl-2f">
         <path>.\dsplib\source\transform\</path>
         <kind>object</kind>
         <file>msp_fft_iq31.obj</file>
         <name>msp_fft_iq31.obj</name>
      </input_file>
      <input_file id="fl-30">
         <path>.\dsplib\source\transform\</path>
         <kind>object</kind>
         <file>msp_ifft_auto_q15.obj</file>
         <name>msp_ifft_auto_q15.obj</name>
      </input_file>
      <input_file id="fl-31">
         <path>.\dsplib\source\transform\</path>
         <kind>object</kind>
         <file>msp_ifft_fixed_q15.obj</file>
         <name>msp_ifft_fixed_q15.obj</name>
      </input_file>
      <input_file id="fl-32">
         <path>.\dsplib\source\transform\</path>
         <kind>object</kind>
         <file>msp_ifft_iq31.obj</file>
         <name>msp_ifft_iq31.obj</name>
      </input_file>
      <input_file id="fl-33">
         <path>.\dsplib\source\transform\</path>
         <kind>object</kind>
         <file>msp_split_iq31.obj</file>
         <name>msp_split_iq31.obj</name>
      </input_file>
      <input_file id="fl-34">
         <path>.\dsplib\source\transform\</path>
         <kind>object</kind>
         <file>msp_split_q15.obj</file>
         <name>msp_split_q15.obj</name>
      </input_file>
      <input_file id="fl-35">
         <path>.\dsplib\source\transform\</path>
         <kind>object</kind>
         <file>msp_transform_tables.obj</file>
         <name>msp_transform_tables.obj</name>
      </input_file>
      <input_file id="fl-36">
         <path>.\dsplib\source\utility\</path>
         <kind>object</kind>
         <file>msp_cmplx_fill_iq31.obj</file>
         <name>msp_cmplx_fill_iq31.obj</name>
      </input_file>
      <input_file id="fl-37">
         <path>.\dsplib\source\utility\</path>
         <kind>object</kind>
         <file>msp_cmplx_fill_q15.obj</file>
         <name>msp_cmplx_fill_q15.obj</name>
      </input_file>
      <input_file id="fl-38">
         <path>.\dsplib\source\utility\</path>
         <kind>object</kind>
         <file>msp_cmplx_iq31.obj</file>
         <name>msp_cmplx_iq31.obj</name>
      </input_file>
      <input_file id="fl-39">
         <path>.\dsplib\source\utility\</path>
         <kind>object</kind>
         <file>msp_cmplx_q15.obj</file>
         <name>msp_cmplx_q15.obj</name>
      </input_file>
      <input_file id="fl-3a">
         <path>.\dsplib\source\utility\</path>
         <kind>object</kind>
         <file>msp_copy_iq31.obj</file>
         <name>msp_copy_iq31.obj</name>
      </input_file>
      <input_file id="fl-3b">
         <path>.\dsplib\source\utility\</path>
         <kind>object</kind>
         <file>msp_copy_q15.obj</file>
         <name>msp_copy_q15.obj</name>
      </input_file>
      <input_file id="fl-3c">
         <path>.\dsplib\source\utility\</path>
         <kind>object</kind>
         <file>msp_deinterleave_iq31.obj</file>
         <name>msp_deinterleave_iq31.obj</name>
      </input_file>
      <input_file id="fl-3d">
         <path>.\dsplib\source\utility\</path>
         <kind>object</kind>
         <file>msp_deinterleave_q15.obj</file>
         <name>msp_deinterleave_q15.obj</name>
      </input_file>
      <input_file id="fl-3e">
         <path>.\dsplib\source\utility\</path>
         <kind>object</kind>
         <file>msp_fill_iq31.obj</file>
         <name>msp_fill_iq31.obj</name>
      </input_file>
      <input_file id="fl-3f">
         <path>.\dsplib\source\utility\</path>
         <kind>object</kind>
         <file>msp_fill_q15.obj</file>
         <name>msp_fill_q15.obj</name>
      </input_file>
      <input_file id="fl-40">
         <path>.\dsplib\source\utility\</path>
         <kind>object</kind>
         <file>msp_interleave_iq31.obj</file>
         <name>msp_interleave_iq31.obj</name>
      </input_file>
      <input_file id="fl-41">
         <path>.\dsplib\source\utility\</path>
         <kind>object</kind>
         <file>msp_interleave_q15.obj</file>
         <name>msp_interleave_q15.obj</name>
      </input_file>
      <input_file id="fl-42">
         <path>.\dsplib\source\utility\</path>
         <kind>object</kind>
         <file>msp_iq31_to_q15.obj</file>
         <name>msp_iq31_to_q15.obj</name>
      </input_file>
      <input_file id="fl-43">
         <path>.\dsplib\source\utility\</path>
         <kind>object</kind>
         <file>msp_q15_to_iq31.obj</file>
         <name>msp_q15_to_iq31.obj</name>
      </input_file>
      <input_file id="fl-44">
         <path>.\dsplib\source\utility\</path>
         <kind>object</kind>
         <file>msp_sinusoid_q15.obj</file>
         <name>msp_sinusoid_q15.obj</name>
      </input_file>
      <input_file id="fl-45">
         <path>.\dsplib\source\vector\</path>
         <kind>object</kind>
         <file>msp_abs_iq31.obj</file>
         <name>msp_abs_iq31.obj</name>
      </input_file>
      <input_file id="fl-46">
         <path>.\dsplib\source\vector\</path>
         <kind>object</kind>
         <file>msp_abs_q15.obj</file>
         <name>msp_abs_q15.obj</name>
      </input_file>
      <input_file id="fl-47">
         <path>.\dsplib\source\vector\</path>
         <kind>object</kind>
         <file>msp_add_iq31.obj</file>
         <name>msp_add_iq31.obj</name>
      </input_file>
      <input_file id="fl-48">
         <path>.\dsplib\source\vector\</path>
         <kind>object</kind>
         <file>msp_add_q15.obj</file>
         <name>msp_add_q15.obj</name>
      </input_file>
      <input_file id="fl-49">
         <path>.\dsplib\source\vector\</path>
         <kind>object</kind>
         <file>msp_cmplx_add_iq31.obj</file>
         <name>msp_cmplx_add_iq31.obj</name>
      </input_file>
      <input_file id="fl-4a">
         <path>.\dsplib\source\vector\</path>
         <kind>object</kind>
         <file>msp_cmplx_add_q15.obj</file>
         <name>msp_cmplx_add_q15.obj</name>
      </input_file>
      <input_file id="fl-4b">
         <path>.\dsplib\source\vector\</path>
         <kind>object</kind>
         <file>msp_cmplx_conj_iq31.obj</file>
         <name>msp_cmplx_conj_iq31.obj</name>
      </input_file>
      <input_file id="fl-4c">
         <path>.\dsplib\source\vector\</path>
         <kind>object</kind>
         <file>msp_cmplx_conj_q15.obj</file>
         <name>msp_cmplx_conj_q15.obj</name>
      </input_file>
      <input_file id="fl-4d">
         <path>.\dsplib\source\vector\</path>
         <kind>object</kind>
         <file>msp_cmplx_mac_iq31.obj</file>
         <name>msp_cmplx_mac_iq31.obj</name>
      </input_file>
      <input_file id="fl-4e">
         <path>.\dsplib\source\vector\</path>
         <kind>object</kind>
         <file>msp_cmplx_mac_q15.obj</file>
         <name>msp_cmplx_mac_q15.obj</name>
      </input_file>
      <input_file id="fl-4f">
         <path>.\dsplib\source\vector\</path>
         <kind>object</kind>
         <file>msp_cmplx_mpy_iq31.obj</file>
         <name>msp_cmplx_mpy_iq31.obj</name>
      </input_file>
      <input_file id="fl-50">
         <path>.\dsplib\source\vector\</path>
         <kind>object</kind>
         <file>msp_cmplx_mpy_q15.obj</file>
         <name>msp_cmplx_mpy_q15.obj</name>
      </input_file>
      <input_file id="fl-51">
         <path>.\dsplib\source\vector\</path>
         <kind>object</kind>
         <file>msp_cmplx_mpy_real_iq31.obj</file>
         <name>msp_cmplx_mpy_real_iq31.obj</name>
      </input_file>
      <input_file id="fl-52">
         <path>.\dsplib\source\vector\</path>
         <kind>object</kind>
         <file>msp_cmplx_mpy_real_q15.obj</file>
         <name>msp_cmplx_mpy_real_q15.obj</name>
      </input_file>
      <input_file id="fl-53">
         <path>.\dsplib\source\vector\</path>
         <kind>object</kind>
         <file>msp_cmplx_scale_iq31.obj</file>
         <name>msp_cmplx_scale_iq31.obj</name>
      </input_file>
      <input_file id="fl-54">
         <path>.\dsplib\source\vector\</path>
         <kind>object</kind>
         <file>msp_cmplx_scale_q15.obj</file>
         <name>msp_cmplx_scale_q15.obj</name>
      </input_file>
      <input_file id="fl-55">
         <path>.\dsplib\source\vector\</path>
         <kind>object</kind>
         <file>msp_cmplx_shift_iq31.obj</file>
         <name>msp_cmplx_shift_iq31.obj</name>
      </input_file>
      <input_file id="fl-56">
         <path>.\dsplib\source\vector\</path>
         <kind>object</kind>
         <file>msp_cmplx_shift_q15.obj</file>
         <name>msp_cmplx_shift_q15.obj</name>
      </input_file>
      <input_file id="fl-57">
         <path>.\dsplib\source\vector\</path>
         <kind>object</kind>
         <file>msp_cmplx_sub_iq31.obj</file>
         <name>msp_cmplx_sub_iq31.obj</name>
      </input_file>
      <input_file id="fl-58">
         <path>.\dsplib\source\vector\</path>
         <kind>object</kind>
         <file>msp_cmplx_sub_q15.obj</file>
         <name>msp_cmplx_sub_q15.obj</name>
      </input_file>
      <input_file id="fl-59">
         <path>.\dsplib\source\vector\</path>
         <kind>object</kind>
         <file>msp_mac_iq31.obj</file>
         <name>msp_mac_iq31.obj</name>
      </input_file>
      <input_file id="fl-5a">
         <path>.\dsplib\source\vector\</path>
         <kind>object</kind>
         <file>msp_mac_q15.obj</file>
         <name>msp_mac_q15.obj</name>
      </input_file>
      <input_file id="fl-5b">
         <path>.\dsplib\source\vector\</path>
         <kind>object</kind>
         <file>msp_max_iq31.obj</file>
         <name>msp_max_iq31.obj</name>
      </input_file>
      <input_file id="fl-5c">
         <path>.\dsplib\source\vector\</path>
         <kind>object</kind>
         <file>msp_max_q15.obj</file>
         <name>msp_max_q15.obj</name>
      </input_file>
      <input_file id="fl-5d">
         <path>.\dsplib\source\vector\</path>
         <kind>object</kind>
         <file>msp_max_uq15.obj</file>
         <name>msp_max_uq15.obj</name>
      </input_file>
      <input_file id="fl-5e">
         <path>.\dsplib\source\vector\</path>
         <kind>object</kind>
         <file>msp_max_uq31.obj</file>
         <name>msp_max_uq31.obj</name>
      </input_file>
      <input_file id="fl-5f">
         <path>.\dsplib\source\vector\</path>
         <kind>object</kind>
         <file>msp_min_iq31.obj</file>
         <name>msp_min_iq31.obj</name>
      </input_file>
      <input_file id="fl-60">
         <path>.\dsplib\source\vector\</path>
         <kind>object</kind>
         <file>msp_min_q15.obj</file>
         <name>msp_min_q15.obj</name>
      </input_file>
      <input_file id="fl-61">
         <path>.\dsplib\source\vector\</path>
         <kind>object</kind>
         <file>msp_min_uq15.obj</file>
         <name>msp_min_uq15.obj</name>
      </input_file>
      <input_file id="fl-62">
         <path>.\dsplib\source\vector\</path>
         <kind>object</kind>
         <file>msp_min_uq31.obj</file>
         <name>msp_min_uq31.obj</name>
      </input_file>
      <input_file id="fl-63">
         <path>.\dsplib\source\vector\</path>
         <kind>object</kind>
         <file>msp_mpy_iq31.obj</file>
         <name>msp_mpy_iq31.obj</name>
      </input_file>
      <input_file id="fl-64">
         <path>.\dsplib\source\vector\</path>
         <kind>object</kind>
         <file>msp_mpy_q15.obj</file>
         <name>msp_mpy_q15.obj</name>
      </input_file>
      <input_file id="fl-65">
         <path>.\dsplib\source\vector\</path>
         <kind>object</kind>
         <file>msp_neg_iq31.obj</file>
         <name>msp_neg_iq31.obj</name>
      </input_file>
      <input_file id="fl-66">
         <path>.\dsplib\source\vector\</path>
         <kind>object</kind>
         <file>msp_neg_q15.obj</file>
         <name>msp_neg_q15.obj</name>
      </input_file>
      <input_file id="fl-67">
         <path>.\dsplib\source\vector\</path>
         <kind>object</kind>
         <file>msp_offset_iq31.obj</file>
         <name>msp_offset_iq31.obj</name>
      </input_file>
      <input_file id="fl-68">
         <path>.\dsplib\source\vector\</path>
         <kind>object</kind>
         <file>msp_offset_q15.obj</file>
         <name>msp_offset_q15.obj</name>
      </input_file>
      <input_file id="fl-69">
         <path>.\dsplib\source\vector\</path>
         <kind>object</kind>
         <file>msp_scale_iq31.obj</file>
         <name>msp_scale_iq31.obj</name>
      </input_file>
      <input_file id="fl-6a">
         <path>.\dsplib\source\vector\</path>
         <kind>object</kind>
         <file>msp_scale_q15.obj</file>
         <name>msp_scale_q15.obj</name>
      </input_file>
      <input_file id="fl-6b">
         <path>.\dsplib\source\vector\</path>
         <kind>object</kind>
         <file>msp_shift_iq31.obj</file>
         <name>msp_shift_iq31.obj</name>
      </input_file>
      <input_file id="fl-6c">
         <path>.\dsplib\source\vector\</path>
         <kind>object</kind>
         <file>msp_shift_q15.obj</file>
         <name>msp_shift_q15.obj</name>
      </input_file>
      <input_file id="fl-6d">
         <path>.\dsplib\source\vector\</path>
         <kind>object</kind>
         <file>msp_sub_iq31.obj</file>
         <name>msp_sub_iq31.obj</name>
      </input_file>
      <input_file id="fl-6e">
         <path>.\dsplib\source\vector\</path>
         <kind>object</kind>
         <file>msp_sub_q15.obj</file>
         <name>msp_sub_q15.obj</name>
      </input_file>
      <input_file id="fl-74">
         <kind>object</kind>
         <file>&lt;internal&gt;</file>
         <name>&lt;internal&gt;</name>
      </input_file>
      <input_file id="fl-8f">
         <path>C:\ti\ccs930\ccs\tools\compiler\ti-cgt-msp430_18.12.4.LTS\lib\</path>
         <kind>archive</kind>
         <file>rts430x_lc_rd_eabi.lib</file>
         <name>copy_decompress_lzss.c.obj</name>
      </input_file>
      <input_file id="fl-90">
         <path>C:\ti\ccs930\ccs\tools\compiler\ti-cgt-msp430_18.12.4.LTS\lib\</path>
         <kind>archive</kind>
         <file>rts430x_lc_rd_eabi.lib</file>
         <name>copy_decompress_none.c.obj</name>
      </input_file>
      <input_file id="fl-91">
         <path>C:\ti\ccs930\ccs\tools\compiler\ti-cgt-msp430_18.12.4.LTS\lib\</path>
         <kind>archive</kind>
         <file>rts430x_lc_rd_eabi.lib</file>
         <name>int19.asm.obj</name>
      </input_file>
      <input_file id="fl-92">
         <path>C:\ti\ccs930\ccs\tools\compiler\ti-cgt-msp430_18.12.4.LTS\lib\</path>
         <kind>archive</kind>
         <file>rts430x_lc_rd_eabi.lib</file>
         <name>isr_trap.asm.obj</name>
      </input_file>
      <input_file id="fl-93">
         <path>C:\ti\ccs930\ccs\tools\compiler\ti-cgt-msp430_18.12.4.LTS\lib\</path>
         <kind>archive</kind>
         <file>rts430x_lc_rd_eabi.lib</file>
         <name>int20.asm.obj</name>
      </input_file>
      <input_file id="fl-94">
         <path>C:\ti\ccs930\ccs\tools\compiler\ti-cgt-msp430_18.12.4.LTS\lib\</path>
         <kind>archive</kind>
         <file>rts430x_lc_rd_eabi.lib</file>
         <name>int21.asm.obj</name>
      </input_file>
      <input_file id="fl-95">
         <path>C:\ti\ccs930\ccs\tools\compiler\ti-cgt-msp430_18.12.4.LTS\lib\</path>
         <kind>archive</kind>
         <file>rts430x_lc_rd_eabi.lib</file>
         <name>int22.asm.obj</name>
      </input_file>
      <input_file id="fl-96">
         <path>C:\ti\ccs930\ccs\tools\compiler\ti-cgt-msp430_18.12.4.LTS\lib\</path>
         <kind>archive</kind>
         <file>rts430x_lc_rd_eabi.lib</file>
         <name>int23.asm.obj</name>
      </input_file>
      <input_file id="fl-97">
         <path>C:\ti\ccs930\ccs\tools\compiler\ti-cgt-msp430_18.12.4.LTS\lib\</path>
         <kind>archive</kind>
         <file>rts430x_lc_rd_eabi.lib</file>
         <name>int24.asm.obj</name>
      </input_file>
      <input_file id="fl-98">
         <path>C:\ti\ccs930\ccs\tools\compiler\ti-cgt-msp430_18.12.4.LTS\lib\</path>
         <kind>archive</kind>
         <file>rts430x_lc_rd_eabi.lib</file>
         <name>int25.asm.obj</name>
      </input_file>
      <input_file id="fl-99">
         <path>C:\ti\ccs930\ccs\tools\compiler\ti-cgt-msp430_18.12.4.LTS\lib\</path>
         <kind>archive</kind>
         <file>rts430x_lc_rd_eabi.lib</file>
         <name>int26.asm.obj</name>
      </input_file>
      <input_file id="fl-9a">
         <path>C:\ti\ccs930\ccs\tools\compiler\ti-cgt-msp430_18.12.4.LTS\lib\</path>
         <kind>archive</kind>
         <file>rts430x_lc_rd_eabi.lib</file>
         <name>int27.asm.obj</name>
      </input_file>
      <input_file id="fl-9b">
         <path>C:\ti\ccs930\ccs\tools\compiler\ti-cgt-msp430_18.12.4.LTS\lib\</path>
         <kind>archive</kind>
         <file>rts430x_lc_rd_eabi.lib</file>
         <name>int28.asm.obj</name>
      </input_file>
      <input_file id="fl-9c">
         <path>C:\ti\ccs930\ccs\tools\compiler\ti-cgt-msp430_18.12.4.LTS\lib\</path>
         <kind>archive</kind>
         <file>rts430x_lc_rd_eabi.lib</file>
         <name>int29.asm.obj</name>
      </input_file>
      <input_file id="fl-9d">
         <path>C:\ti\ccs930\ccs\tools\compiler\ti-cgt-msp430_18.12.4.LTS\lib\</path>
         <kind>archive</kind>
         <file>rts430x_lc_rd_eabi.lib</file>
         <name>int30.asm.obj</name>
      </input_file>
      <input_file id="fl-9e">
         <path>C:\ti\ccs930\ccs\tools\compiler\ti-cgt-msp430_18.12.4.LTS\lib\</path>
         <kind>archive</kind>
         <file>rts430x_lc_rd_eabi.lib</file>
         <name>int31.asm.obj</name>
      </input_file>
      <input_file id="fl-9f">
         <path>C:\ti\ccs930\ccs\tools\compiler\ti-cgt-msp430_18.12.4.LTS\lib\</path>
         <kind>archive</kind>
         <file>rts430x_lc_rd_eabi.lib</file>
         <name>int32.asm.obj</name>
      </input_file>
      <input_file id="fl-a0">
         <path>C:\ti\ccs930\ccs\tools\compiler\ti-cgt-msp430_18.12.4.LTS\lib\</path>
         <kind>archive</kind>
         <file>rts430x_lc_rd_eabi.lib</file>
         <name>int33.asm.obj</name>
      </input_file>
      <input_file id="fl-a1">
         <path>C:\ti\ccs930\ccs\tools\compiler\ti-cgt-msp430_18.12.4.LTS\lib\</path>
         <kind>archive</kind>
         <file>rts430x_lc_rd_eabi.lib</file>
         <name>int34.asm.obj</name>
      </input_file>
      <input_file id="fl-a2">
         <path>C:\ti\ccs930\ccs\tools\compiler\ti-cgt-msp430_18.12.4.LTS\lib\</path>
         <kind>archive</kind>
         <file>rts430x_lc_rd_eabi.lib</file>
         <name>int35.asm.obj</name>
      </input_file>
      <input_file id="fl-a3">
         <path>C:\ti\ccs930\ccs\tools\compiler\ti-cgt-msp430_18.12.4.LTS\lib\</path>
         <kind>archive</kind>
         <file>rts430x_lc_rd_eabi.lib</file>
         <name>int36.asm.obj</name>
      </input_file>
      <input_file id="fl-a4">
         <path>C:\ti\ccs930\ccs\tools\compiler\ti-cgt-msp430_18.12.4.LTS\lib\</path>
         <kind>archive</kind>
         <file>rts430x_lc_rd_eabi.lib</file>
         <name>int37.asm.obj</name>
      </input_file>
      <input_file id="fl-a5">
         <path>C:\ti\ccs930\ccs\tools\compiler\ti-cgt-msp430_18.12.4.LTS\lib\</path>
         <kind>archive</kind>
         <file>rts430x_lc_rd_eabi.lib</file>
         <name>int38.asm.obj</name>
      </input_file>
      <input_file id="fl-a6">
         <path>C:\ti\ccs930\ccs\tools\compiler\ti-cgt-msp430_18.12.4.LTS\lib\</path>
         <kind>archive</kind>
         <file>rts430x_lc_rd_eabi.lib</file>
         <name>int39.asm.obj</name>
      </input_file>
      <input_file id="fl-a7">
         <path>C:\ti\ccs930\ccs\tools\compiler\ti-cgt-msp430_18.12.4.LTS\lib\</path>
         <kind>archive</kind>
         <file>rts430x_lc_rd_eabi.lib</file>
         <name>int40.asm.obj</name>
      </input_file>
      <input_file id="fl-a8">
         <path>C:\ti\ccs930\ccs\tools\compiler\ti-cgt-msp430_18.12.4.LTS\lib\</path>
         <kind>archive</kind>
         <file>rts430x_lc_rd_eabi.lib</file>
         <name>int41.asm.obj</name>
      </input_file>
      <input_file id="fl-a9">
         <path>C:\ti\ccs930\ccs\tools\compiler\ti-cgt-msp430_18.12.4.LTS\lib\</path>
         <kind>archive</kind>
         <file>rts430x_lc_rd_eabi.lib</file>
         <name>int42.asm.obj</name>
      </input_file>
      <input_file id="fl-aa">
         <path>C:\ti\ccs930\ccs\tools\compiler\ti-cgt-msp430_18.12.4.LTS\lib\</path>
         <kind>archive</kind>
         <file>rts430x_lc_rd_eabi.lib</file>
         <name>int43.asm.obj</name>
      </input_file>
      <input_file id="fl-ab">
         <path>C:\ti\ccs930\ccs\tools\compiler\ti-cgt-msp430_18.12.4.LTS\lib\</path>
         <kind>archive</kind>
         <file>rts430x_lc_rd_eabi.lib</file>
         <name>int44.asm.obj</name>
      </input_file>
      <input_file id="fl-ac">
         <path>C:\ti\ccs930\ccs\tools\compiler\ti-cgt-msp430_18.12.4.LTS\lib\</path>
         <kind>archive</kind>
         <file>rts430x_lc_rd_eabi.lib</file>
         <name>int45.asm.obj</name>
      </input_file>
      <input_file id="fl-ad">
         <path>C:\ti\ccs930\ccs\tools\compiler\ti-cgt-msp430_18.12.4.LTS\lib\</path>
         <kind>archive</kind>
         <file>rts430x_lc_rd_eabi.lib</file>
         <name>int46.asm.obj</name>
      </input_file>
      <input_file id="fl-ae">
         <path>C:\ti\ccs930\ccs\tools\compiler\ti-cgt-msp430_18.12.4.LTS\lib\</path>
         <kind>archive</kind>
         <file>rts430x_lc_rd_eabi.lib</file>
         <name>int47.asm.obj</name>
      </input_file>
      <input_file id="fl-af">
         <path>C:\ti\ccs930\ccs\tools\compiler\ti-cgt-msp430_18.12.4.LTS\lib\</path>
         <kind>archive</kind>
         <file>rts430x_lc_rd_eabi.lib</file>
         <name>int48.asm.obj</name>
      </input_file>
      <input_file id="fl-b0">
         <path>C:\ti\ccs930\ccs\tools\compiler\ti-cgt-msp430_18.12.4.LTS\lib\</path>
         <kind>archive</kind>
         <file>rts430x_lc_rd_eabi.lib</file>
         <name>int49.asm.obj</name>
      </input_file>
      <input_file id="fl-b1">
         <path>C:\ti\ccs930\ccs\tools\compiler\ti-cgt-msp430_18.12.4.LTS\lib\</path>
         <kind>archive</kind>
         <file>rts430x_lc_rd_eabi.lib</file>
         <name>int50.asm.obj</name>
      </input_file>
      <input_file id="fl-b2">
         <path>C:\ti\ccs930\ccs\tools\compiler\ti-cgt-msp430_18.12.4.LTS\lib\</path>
         <kind>archive</kind>
         <file>rts430x_lc_rd_eabi.lib</file>
         <name>int51.asm.obj</name>
      </input_file>
      <input_file id="fl-b3">
         <path>C:\ti\ccs930\ccs\tools\compiler\ti-cgt-msp430_18.12.4.LTS\lib\</path>
         <kind>archive</kind>
         <file>rts430x_lc_rd_eabi.lib</file>
         <name>int52.asm.obj</name>
      </input_file>
      <input_file id="fl-b4">
         <path>C:\ti\ccs930\ccs\tools\compiler\ti-cgt-msp430_18.12.4.LTS\lib\</path>
         <kind>archive</kind>
         <file>rts430x_lc_rd_eabi.lib</file>
         <name>int53.asm.obj</name>
      </input_file>
      <input_file id="fl-b5">
         <path>C:\ti\ccs930\ccs\tools\compiler\ti-cgt-msp430_18.12.4.LTS\lib\</path>
         <kind>archive</kind>
         <file>rts430x_lc_rd_eabi.lib</file>
         <name>int54.asm.obj</name>
      </input_file>
      <input_file id="fl-b6">
         <path>C:\ti\ccs930\ccs\tools\compiler\ti-cgt-msp430_18.12.4.LTS\lib\</path>
         <kind>archive</kind>
         <file>rts430x_lc_rd_eabi.lib</file>
         <name>copy_zero_init.c.obj</name>
      </input_file>
      <input_file id="fl-b7">
         <path>C:\ti\ccs930\ccs\tools\compiler\ti-cgt-msp430_18.12.4.LTS\lib\</path>
         <kind>archive</kind>
         <file>rts430x_lc_rd_eabi.lib</file>
         <name>fs_cmp.asm.obj</name>
      </input_file>
      <input_file id="fl-b8">
         <path>C:\ti\ccs930\ccs\tools\compiler\ti-cgt-msp430_18.12.4.LTS\lib\</path>
         <kind>archive</kind>
         <file>rts430x_lc_rd_eabi.lib</file>
         <name>cvtfd.c.obj</name>
      </input_file>
      <input_file id="fl-b9">
         <path>C:\ti\ccs930\ccs\tools\compiler\ti-cgt-msp430_18.12.4.LTS\lib\</path>
         <kind>archive</kind>
         <file>rts430x_lc_rd_eabi.lib</file>
         <name>fs_div.asm.obj</name>
      </input_file>
      <input_file id="fl-ba">
         <path>C:\ti\ccs930\ccs\tools\compiler\ti-cgt-msp430_18.12.4.LTS\lib\</path>
         <kind>archive</kind>
         <file>rts430x_lc_rd_eabi.lib</file>
         <name>div16s.asm.obj</name>
      </input_file>
      <input_file id="fl-bb">
         <path>C:\ti\ccs930\ccs\tools\compiler\ti-cgt-msp430_18.12.4.LTS\lib\</path>
         <kind>archive</kind>
         <file>rts430x_lc_rd_eabi.lib</file>
         <name>div16u.asm.obj</name>
      </input_file>
      <input_file id="fl-bc">
         <path>C:\ti\ccs930\ccs\tools\compiler\ti-cgt-msp430_18.12.4.LTS\lib\</path>
         <kind>archive</kind>
         <file>rts430x_lc_rd_eabi.lib</file>
         <name>fixdi.c.obj</name>
      </input_file>
      <input_file id="fl-bd">
         <path>C:\ti\ccs930\ccs\tools\compiler\ti-cgt-msp430_18.12.4.LTS\lib\</path>
         <kind>archive</kind>
         <file>rts430x_lc_rd_eabi.lib</file>
         <name>fixdli.c.obj</name>
      </input_file>
      <input_file id="fl-be">
         <path>C:\ti\ccs930\ccs\tools\compiler\ti-cgt-msp430_18.12.4.LTS\lib\</path>
         <kind>archive</kind>
         <file>rts430x_lc_rd_eabi.lib</file>
         <name>fs_itof.asm.obj</name>
      </input_file>
      <input_file id="fl-bf">
         <path>C:\ti\ccs930\ccs\tools\compiler\ti-cgt-msp430_18.12.4.LTS\lib\</path>
         <kind>archive</kind>
         <file>rts430x_lc_rd_eabi.lib</file>
         <name>mpyd.c.obj</name>
      </input_file>
      <input_file id="fl-c0">
         <path>C:\ti\ccs930\ccs\tools\compiler\ti-cgt-msp430_18.12.4.LTS\lib\</path>
         <kind>archive</kind>
         <file>rts430x_lc_rd_eabi.lib</file>
         <name>frcmpyd.c.obj</name>
      </input_file>
      <input_file id="fl-c1">
         <path>C:\ti\ccs930\ccs\tools\compiler\ti-cgt-msp430_18.12.4.LTS\lib\</path>
         <kind>archive</kind>
         <file>rts430x_lc_rd_eabi.lib</file>
         <name>mult16.asm.obj</name>
      </input_file>
      <input_file id="fl-c2">
         <path>C:\ti\ccs930\ccs\tools\compiler\ti-cgt-msp430_18.12.4.LTS\lib\</path>
         <kind>archive</kind>
         <file>rts430x_lc_rd_eabi.lib</file>
         <name>mult16_f5hw.asm.obj</name>
      </input_file>
      <input_file id="fl-c3">
         <path>C:\ti\ccs930\ccs\tools\compiler\ti-cgt-msp430_18.12.4.LTS\lib\</path>
         <kind>archive</kind>
         <file>rts430x_lc_rd_eabi.lib</file>
         <name>mult32.asm.obj</name>
      </input_file>
      <input_file id="fl-c4">
         <path>C:\ti\ccs930\ccs\tools\compiler\ti-cgt-msp430_18.12.4.LTS\lib\</path>
         <kind>archive</kind>
         <file>rts430x_lc_rd_eabi.lib</file>
         <name>mult32_f5hw.asm.obj</name>
      </input_file>
      <input_file id="fl-c5">
         <path>C:\ti\ccs930\ccs\tools\compiler\ti-cgt-msp430_18.12.4.LTS\lib\</path>
         <kind>archive</kind>
         <file>rts430x_lc_rd_eabi.lib</file>
         <name>mult64_f5hw.asm.obj</name>
      </input_file>
      <input_file id="fl-c6">
         <path>C:\ti\ccs930\ccs\tools\compiler\ti-cgt-msp430_18.12.4.LTS\lib\</path>
         <kind>archive</kind>
         <file>rts430x_lc_rd_eabi.lib</file>
         <name>mult1632_f5hw.asm.obj</name>
      </input_file>
      <input_file id="fl-c7">
         <path>C:\ti\ccs930\ccs\tools\compiler\ti-cgt-msp430_18.12.4.LTS\lib\</path>
         <kind>archive</kind>
         <file>rts430x_lc_rd_eabi.lib</file>
         <name>mult3264_f5hw.asm.obj</name>
      </input_file>
      <input_file id="fl-c8">
         <path>C:\ti\ccs930\ccs\tools\compiler\ti-cgt-msp430_18.12.4.LTS\lib\</path>
         <kind>archive</kind>
         <file>rts430x_lc_rd_eabi.lib</file>
         <name>lsl16.asm.obj</name>
      </input_file>
      <input_file id="fl-c9">
         <path>C:\ti\ccs930\ccs\tools\compiler\ti-cgt-msp430_18.12.4.LTS\lib\</path>
         <kind>archive</kind>
         <file>rts430x_lc_rd_eabi.lib</file>
         <name>lsl32.asm.obj</name>
      </input_file>
      <input_file id="fl-ca">
         <path>C:\ti\ccs930\ccs\tools\compiler\ti-cgt-msp430_18.12.4.LTS\lib\</path>
         <kind>archive</kind>
         <file>rts430x_lc_rd_eabi.lib</file>
         <name>asr32.asm.obj</name>
      </input_file>
      <input_file id="fl-cb">
         <path>C:\ti\ccs930\ccs\tools\compiler\ti-cgt-msp430_18.12.4.LTS\lib\</path>
         <kind>archive</kind>
         <file>rts430x_lc_rd_eabi.lib</file>
         <name>lsr32.asm.obj</name>
      </input_file>
      <input_file id="fl-cc">
         <path>C:\ti\ccs930\ccs\tools\compiler\ti-cgt-msp430_18.12.4.LTS\lib\</path>
         <kind>archive</kind>
         <file>rts430x_lc_rd_eabi.lib</file>
         <name>lsr64.c.obj</name>
      </input_file>
      <input_file id="fl-cd">
         <path>C:\ti\ccs930\ccs\tools\compiler\ti-cgt-msp430_18.12.4.LTS\lib\</path>
         <kind>archive</kind>
         <file>rts430x_lc_rd_eabi.lib</file>
         <name>fs_add.asm.obj</name>
      </input_file>
      <input_file id="fl-ce">
         <path>C:\ti\ccs930\ccs\tools\compiler\ti-cgt-msp430_18.12.4.LTS\lib\</path>
         <kind>archive</kind>
         <file>rts430x_lc_rd_eabi.lib</file>
         <name>boot.c.obj</name>
      </input_file>
      <input_file id="fl-cf">
         <path>C:\ti\ccs930\ccs\tools\compiler\ti-cgt-msp430_18.12.4.LTS\lib\</path>
         <kind>archive</kind>
         <file>rts430x_lc_rd_eabi.lib</file>
         <name>mpu_init.c.obj</name>
      </input_file>
      <input_file id="fl-d0">
         <path>C:\ti\ccs930\ccs\tools\compiler\ti-cgt-msp430_18.12.4.LTS\lib\</path>
         <kind>archive</kind>
         <file>rts430x_lc_rd_eabi.lib</file>
         <name>args_main.c.obj</name>
      </input_file>
      <input_file id="fl-d1">
         <path>C:\ti\ccs930\ccs\tools\compiler\ti-cgt-msp430_18.12.4.LTS\lib\</path>
         <kind>archive</kind>
         <file>rts430x_lc_rd_eabi.lib</file>
         <name>autoinit.c.obj</name>
      </input_file>
      <input_file id="fl-d2">
         <path>C:\ti\ccs930\ccs\tools\compiler\ti-cgt-msp430_18.12.4.LTS\lib\</path>
         <kind>archive</kind>
         <file>rts430x_lc_rd_eabi.lib</file>
         <name>startup.c.obj</name>
      </input_file>
      <input_file id="fl-d3">
         <path>C:\ti\ccs930\ccs\tools\compiler\ti-cgt-msp430_18.12.4.LTS\lib\</path>
         <kind>archive</kind>
         <file>rts430x_lc_rd_eabi.lib</file>
         <name>pre_init.c.obj</name>
      </input_file>
      <input_file id="fl-d4">
         <path>C:\ti\ccs930\ccs\tools\compiler\ti-cgt-msp430_18.12.4.LTS\lib\</path>
         <kind>archive</kind>
         <file>rts430x_lc_rd_eabi.lib</file>
         <name>cpy_tbl.c.obj</name>
      </input_file>
      <input_file id="fl-d5">
         <path>C:\ti\ccs930\ccs\tools\compiler\ti-cgt-msp430_18.12.4.LTS\lib\</path>
         <kind>archive</kind>
         <file>rts430x_lc_rd_eabi.lib</file>
         <name>exit.c.obj</name>
      </input_file>
      <input_file id="fl-d6">
         <path>C:\ti\ccs930\ccs\tools\compiler\ti-cgt-msp430_18.12.4.LTS\lib\</path>
         <kind>archive</kind>
         <file>rts430x_lc_rd_eabi.lib</file>
         <name>exit_gvars.c.obj</name>
      </input_file>
      <input_file id="fl-d7">
         <path>C:\ti\ccs930\ccs\tools\compiler\ti-cgt-msp430_18.12.4.LTS\lib\</path>
         <kind>archive</kind>
         <file>rts430x_lc_rd_eabi.lib</file>
         <name>_lock.c.obj</name>
      </input_file>
      <input_file id="fl-d8">
         <path>C:\ti\ccs930\ccs\tools\compiler\ti-cgt-msp430_18.12.4.LTS\lib\</path>
         <kind>archive</kind>
         <file>rts430x_lc_rd_eabi.lib</file>
         <name>memcpy.c.obj</name>
      </input_file>
      <input_file id="fl-d9">
         <path>C:\ti\ccs930\ccs\tools\compiler\ti-cgt-msp430_18.12.4.LTS\lib\</path>
         <kind>archive</kind>
         <file>rts430x_lc_rd_eabi.lib</file>
         <name>e_pow.c.obj</name>
      </input_file>
      <input_file id="fl-da">
         <path>C:\ti\ccs930\ccs\tools\compiler\ti-cgt-msp430_18.12.4.LTS\lib\</path>
         <kind>archive</kind>
         <file>rts430x_lc_rd_eabi.lib</file>
         <name>addd.c.obj</name>
      </input_file>
      <input_file id="fl-db">
         <path>C:\ti\ccs930\ccs\tools\compiler\ti-cgt-msp430_18.12.4.LTS\lib\</path>
         <kind>archive</kind>
         <file>rts430x_lc_rd_eabi.lib</file>
         <name>frcaddd.c.obj</name>
      </input_file>
      <input_file id="fl-dc">
         <path>C:\ti\ccs930\ccs\tools\compiler\ti-cgt-msp430_18.12.4.LTS\lib\</path>
         <kind>archive</kind>
         <file>rts430x_lc_rd_eabi.lib</file>
         <name>renormd.c.obj</name>
      </input_file>
      <input_file id="fl-dd">
         <path>C:\ti\ccs930\ccs\tools\compiler\ti-cgt-msp430_18.12.4.LTS\lib\</path>
         <kind>archive</kind>
         <file>rts430x_lc_rd_eabi.lib</file>
         <name>cmpd.c.obj</name>
      </input_file>
      <input_file id="fl-de">
         <path>C:\ti\ccs930\ccs\tools\compiler\ti-cgt-msp430_18.12.4.LTS\lib\</path>
         <kind>archive</kind>
         <file>rts430x_lc_rd_eabi.lib</file>
         <name>divd.c.obj</name>
      </input_file>
      <input_file id="fl-df">
         <path>C:\ti\ccs930\ccs\tools\compiler\ti-cgt-msp430_18.12.4.LTS\lib\</path>
         <kind>archive</kind>
         <file>rts430x_lc_rd_eabi.lib</file>
         <name>frcdivd.c.obj</name>
      </input_file>
      <input_file id="fl-e0">
         <path>C:\ti\ccs930\ccs\tools\compiler\ti-cgt-msp430_18.12.4.LTS\lib\</path>
         <kind>archive</kind>
         <file>rts430x_lc_rd_eabi.lib</file>
         <name>fltlid.c.obj</name>
      </input_file>
      <input_file id="fl-e1">
         <path>C:\ti\ccs930\ccs\tools\compiler\ti-cgt-msp430_18.12.4.LTS\lib\</path>
         <kind>archive</kind>
         <file>rts430x_lc_rd_eabi.lib</file>
         <name>negd.c.obj</name>
      </input_file>
      <input_file id="fl-e2">
         <path>C:\ti\ccs930\ccs\tools\compiler\ti-cgt-msp430_18.12.4.LTS\lib\</path>
         <kind>archive</kind>
         <file>rts430x_lc_rd_eabi.lib</file>
         <name>subd.c.obj</name>
      </input_file>
      <input_file id="fl-e3">
         <path>C:\ti\ccs930\ccs\tools\compiler\ti-cgt-msp430_18.12.4.LTS\lib\</path>
         <kind>archive</kind>
         <file>rts430x_lc_rd_eabi.lib</file>
         <name>errno.c.obj</name>
      </input_file>
      <input_file id="fl-e4">
         <path>C:\ti\ccs930\ccs\tools\compiler\ti-cgt-msp430_18.12.4.LTS\lib\</path>
         <kind>archive</kind>
         <file>rts430x_lc_rd_eabi.lib</file>
         <name>printf.c.obj</name>
      </input_file>
      <input_file id="fl-e5">
         <path>C:\ti\ccs930\ccs\tools\compiler\ti-cgt-msp430_18.12.4.LTS\lib\</path>
         <kind>archive</kind>
         <file>rts430x_lc_rd_eabi.lib</file>
         <name>_printfi_min.c.obj</name>
      </input_file>
      <input_file id="fl-e6">
         <path>C:\ti\ccs930\ccs\tools\compiler\ti-cgt-msp430_18.12.4.LTS\lib\</path>
         <kind>archive</kind>
         <file>rts430x_lc_rd_eabi.lib</file>
         <name>defs.c.obj</name>
      </input_file>
      <input_file id="fl-e7">
         <path>C:\ti\ccs930\ccs\tools\compiler\ti-cgt-msp430_18.12.4.LTS\lib\</path>
         <kind>archive</kind>
         <file>rts430x_lc_rd_eabi.lib</file>
         <name>fputc.c.obj</name>
      </input_file>
      <input_file id="fl-e8">
         <path>C:\ti\ccs930\ccs\tools\compiler\ti-cgt-msp430_18.12.4.LTS\lib\</path>
         <kind>archive</kind>
         <file>rts430x_lc_rd_eabi.lib</file>
         <name>fflush.c.obj</name>
      </input_file>
      <input_file id="fl-e9">
         <path>C:\ti\ccs930\ccs\tools\compiler\ti-cgt-msp430_18.12.4.LTS\lib\</path>
         <kind>archive</kind>
         <file>rts430x_lc_rd_eabi.lib</file>
         <name>_io_perm.c.obj</name>
      </input_file>
      <input_file id="fl-ea">
         <path>C:\ti\ccs930\ccs\tools\compiler\ti-cgt-msp430_18.12.4.LTS\lib\</path>
         <kind>archive</kind>
         <file>rts430x_lc_rd_eabi.lib</file>
         <name>fputs.c.obj</name>
      </input_file>
      <input_file id="fl-eb">
         <path>C:\ti\ccs930\ccs\tools\compiler\ti-cgt-msp430_18.12.4.LTS\lib\</path>
         <kind>archive</kind>
         <file>rts430x_lc_rd_eabi.lib</file>
         <name>fseek.c.obj</name>
      </input_file>
      <input_file id="fl-ec">
         <path>C:\ti\ccs930\ccs\tools\compiler\ti-cgt-msp430_18.12.4.LTS\lib\</path>
         <kind>archive</kind>
         <file>rts430x_lc_rd_eabi.lib</file>
         <name>lseek.c.obj</name>
      </input_file>
      <input_file id="fl-ed">
         <path>C:\ti\ccs930\ccs\tools\compiler\ti-cgt-msp430_18.12.4.LTS\lib\</path>
         <kind>archive</kind>
         <file>rts430x_lc_rd_eabi.lib</file>
         <name>host_device.c.obj</name>
      </input_file>
      <input_file id="fl-ee">
         <path>C:\ti\ccs930\ccs\tools\compiler\ti-cgt-msp430_18.12.4.LTS\lib\</path>
         <kind>archive</kind>
         <file>rts430x_lc_rd_eabi.lib</file>
         <name>hostclose.c.obj</name>
      </input_file>
      <input_file id="fl-ef">
         <path>C:\ti\ccs930\ccs\tools\compiler\ti-cgt-msp430_18.12.4.LTS\lib\</path>
         <kind>archive</kind>
         <file>rts430x_lc_rd_eabi.lib</file>
         <name>hostlseek.c.obj</name>
      </input_file>
      <input_file id="fl-f0">
         <path>C:\ti\ccs930\ccs\tools\compiler\ti-cgt-msp430_18.12.4.LTS\lib\</path>
         <kind>archive</kind>
         <file>rts430x_lc_rd_eabi.lib</file>
         <name>hostopen.c.obj</name>
      </input_file>
      <input_file id="fl-f1">
         <path>C:\ti\ccs930\ccs\tools\compiler\ti-cgt-msp430_18.12.4.LTS\lib\</path>
         <kind>archive</kind>
         <file>rts430x_lc_rd_eabi.lib</file>
         <name>hostread.c.obj</name>
      </input_file>
      <input_file id="fl-f2">
         <path>C:\ti\ccs930\ccs\tools\compiler\ti-cgt-msp430_18.12.4.LTS\lib\</path>
         <kind>archive</kind>
         <file>rts430x_lc_rd_eabi.lib</file>
         <name>hostrename.c.obj</name>
      </input_file>
      <input_file id="fl-f3">
         <path>C:\ti\ccs930\ccs\tools\compiler\ti-cgt-msp430_18.12.4.LTS\lib\</path>
         <kind>archive</kind>
         <file>rts430x_lc_rd_eabi.lib</file>
         <name>hostunlink.c.obj</name>
      </input_file>
      <input_file id="fl-f4">
         <path>C:\ti\ccs930\ccs\tools\compiler\ti-cgt-msp430_18.12.4.LTS\lib\</path>
         <kind>archive</kind>
         <file>rts430x_lc_rd_eabi.lib</file>
         <name>hostwrite.c.obj</name>
      </input_file>
      <input_file id="fl-f5">
         <path>C:\ti\ccs930\ccs\tools\compiler\ti-cgt-msp430_18.12.4.LTS\lib\</path>
         <kind>archive</kind>
         <file>rts430x_lc_rd_eabi.lib</file>
         <name>trgmsg.c.obj</name>
      </input_file>
      <input_file id="fl-f6">
         <path>C:\ti\ccs930\ccs\tools\compiler\ti-cgt-msp430_18.12.4.LTS\lib\</path>
         <kind>archive</kind>
         <file>rts430x_lc_rd_eabi.lib</file>
         <name>memccpy.c.obj</name>
      </input_file>
      <input_file id="fl-f7">
         <path>C:\ti\ccs930\ccs\tools\compiler\ti-cgt-msp430_18.12.4.LTS\lib\</path>
         <kind>archive</kind>
         <file>rts430x_lc_rd_eabi.lib</file>
         <name>memchr.c.obj</name>
      </input_file>
      <input_file id="fl-f8">
         <path>C:\ti\ccs930\ccs\tools\compiler\ti-cgt-msp430_18.12.4.LTS\lib\</path>
         <kind>archive</kind>
         <file>rts430x_lc_rd_eabi.lib</file>
         <name>memset.c.obj</name>
      </input_file>
      <input_file id="fl-f9">
         <path>C:\ti\ccs930\ccs\tools\compiler\ti-cgt-msp430_18.12.4.LTS\lib\</path>
         <kind>archive</kind>
         <file>rts430x_lc_rd_eabi.lib</file>
         <name>s_scalbn.c.obj</name>
      </input_file>
      <input_file id="fl-fa">
         <path>C:\ti\ccs930\ccs\tools\compiler\ti-cgt-msp430_18.12.4.LTS\lib\</path>
         <kind>archive</kind>
         <file>rts430x_lc_rd_eabi.lib</file>
         <name>s_copysign.c.obj</name>
      </input_file>
      <input_file id="fl-fb">
         <path>C:\ti\ccs930\ccs\tools\compiler\ti-cgt-msp430_18.12.4.LTS\lib\</path>
         <kind>archive</kind>
         <file>rts430x_lc_rd_eabi.lib</file>
         <name>setvbuf.c.obj</name>
      </input_file>
      <input_file id="fl-fc">
         <path>C:\ti\ccs930\ccs\tools\compiler\ti-cgt-msp430_18.12.4.LTS\lib\</path>
         <kind>archive</kind>
         <file>rts430x_lc_rd_eabi.lib</file>
         <name>fopen.c.obj</name>
      </input_file>
      <input_file id="fl-fd">
         <path>C:\ti\ccs930\ccs\tools\compiler\ti-cgt-msp430_18.12.4.LTS\lib\</path>
         <kind>archive</kind>
         <file>rts430x_lc_rd_eabi.lib</file>
         <name>fclose.c.obj</name>
      </input_file>
      <input_file id="fl-fe">
         <path>C:\ti\ccs930\ccs\tools\compiler\ti-cgt-msp430_18.12.4.LTS\lib\</path>
         <kind>archive</kind>
         <file>rts430x_lc_rd_eabi.lib</file>
         <name>close.c.obj</name>
      </input_file>
      <input_file id="fl-ff">
         <path>C:\ti\ccs930\ccs\tools\compiler\ti-cgt-msp430_18.12.4.LTS\lib\</path>
         <kind>archive</kind>
         <file>rts430x_lc_rd_eabi.lib</file>
         <name>memory.c.obj</name>
      </input_file>
      <input_file id="fl-100">
         <path>C:\ti\ccs930\ccs\tools\compiler\ti-cgt-msp430_18.12.4.LTS\lib\</path>
         <kind>archive</kind>
         <file>rts430x_lc_rd_eabi.lib</file>
         <name>open.c.obj</name>
      </input_file>
      <input_file id="fl-101">
         <path>C:\ti\ccs930\ccs\tools\compiler\ti-cgt-msp430_18.12.4.LTS\lib\</path>
         <kind>archive</kind>
         <file>rts430x_lc_rd_eabi.lib</file>
         <name>getdevice.c.obj</name>
      </input_file>
      <input_file id="fl-102">
         <path>C:\ti\ccs930\ccs\tools\compiler\ti-cgt-msp430_18.12.4.LTS\lib\</path>
         <kind>archive</kind>
         <file>rts430x_lc_rd_eabi.lib</file>
         <name>remove.c.obj</name>
      </input_file>
      <input_file id="fl-103">
         <path>C:\ti\ccs930\ccs\tools\compiler\ti-cgt-msp430_18.12.4.LTS\lib\</path>
         <kind>archive</kind>
         <file>rts430x_lc_rd_eabi.lib</file>
         <name>e_sqrt.c.obj</name>
      </input_file>
      <input_file id="fl-104">
         <path>C:\ti\ccs930\ccs\tools\compiler\ti-cgt-msp430_18.12.4.LTS\lib\</path>
         <kind>archive</kind>
         <file>rts430x_lc_rd_eabi.lib</file>
         <name>strchr.c.obj</name>
      </input_file>
      <input_file id="fl-105">
         <path>C:\ti\ccs930\ccs\tools\compiler\ti-cgt-msp430_18.12.4.LTS\lib\</path>
         <kind>archive</kind>
         <file>rts430x_lc_rd_eabi.lib</file>
         <name>strcmp.c.obj</name>
      </input_file>
      <input_file id="fl-106">
         <path>C:\ti\ccs930\ccs\tools\compiler\ti-cgt-msp430_18.12.4.LTS\lib\</path>
         <kind>archive</kind>
         <file>rts430x_lc_rd_eabi.lib</file>
         <name>strcpy.c.obj</name>
      </input_file>
      <input_file id="fl-107">
         <path>C:\ti\ccs930\ccs\tools\compiler\ti-cgt-msp430_18.12.4.LTS\lib\</path>
         <kind>archive</kind>
         <file>rts430x_lc_rd_eabi.lib</file>
         <name>strlen.c.obj</name>
      </input_file>
      <input_file id="fl-108">
         <path>C:\ti\ccs930\ccs\tools\compiler\ti-cgt-msp430_18.12.4.LTS\lib\</path>
         <kind>archive</kind>
         <file>rts430x_lc_rd_eabi.lib</file>
         <name>strncpy.c.obj</name>
      </input_file>
      <input_file id="fl-109">
         <path>C:\ti\ccs930\ccs\tools\compiler\ti-cgt-msp430_18.12.4.LTS\lib\</path>
         <kind>archive</kind>
         <file>rts430x_lc_rd_eabi.lib</file>
         <name>unlink.c.obj</name>
      </input_file>
      <input_file id="fl-10a">
         <path>C:\ti\ccs930\ccs\tools\compiler\ti-cgt-msp430_18.12.4.LTS\lib\</path>
         <kind>archive</kind>
         <file>rts430x_lc_rd_eabi.lib</file>
         <name>write.c.obj</name>
      </input_file>
   </input_file_list>
   <object_component_list>
      <object_component id="oc-8db">
         <name>.TI.persistent:f_layer1</name>
         <load_address>0x4000</load_address>
         <run_address>0x4000</run_address>
         <size>0x1b00</size>
         <input_file_ref idref="fl-3"/>
      </object_component>
      <object_component id="oc-8ed">
         <name>.TI.persistent:n_weight2_3</name>
         <load_address>0x5b00</load_address>
         <run_address>0x5b00</run_address>
         <size>0x12c0</size>
         <input_file_ref idref="fl-3"/>
      </object_component>
      <object_component id="oc-8f0">
         <name>.TI.persistent:f_layer3</name>
         <load_address>0x6dc0</load_address>
         <run_address>0x6dc0</run_address>
         <size>0x800</size>
         <input_file_ref idref="fl-3"/>
      </object_component>
      <object_component id="oc-8ea">
         <name>.TI.persistent:f_layer2</name>
         <load_address>0x75c0</load_address>
         <run_address>0x75c0</run_address>
         <size>0x6c0</size>
         <input_file_ref idref="fl-3"/>
      </object_component>
      <object_component id="oc-892">
         <name>.TI.persistent:f_input</name>
         <load_address>0x7c80</load_address>
         <run_address>0x7c80</run_address>
         <size>0x620</size>
         <input_file_ref idref="fl-3"/>
      </object_component>
      <object_component id="oc-8f6">
         <name>.TI.persistent:f_layer4</name>
         <load_address>0x82a0</load_address>
         <run_address>0x82a0</run_address>
         <size>0x200</size>
         <input_file_ref idref="fl-3"/>
      </object_component>
      <object_component id="oc-a15">
         <name>.TI.persistent:f_layerLast</name>
         <load_address>0x84a0</load_address>
         <run_address>0x84a0</run_address>
         <size>0x200</size>
         <input_file_ref idref="fl-3"/>
      </object_component>
      <object_component id="oc-8bf">
         <name>.TI.persistent:n_weight0_1</name>
         <load_address>0x86a0</load_address>
         <run_address>0x86a0</run_address>
         <size>0x12c</size>
         <input_file_ref idref="fl-3"/>
      </object_component>
      <object_component id="oc-8f3">
         <name>.TI.persistent:n_bias2_3</name>
         <load_address>0x87cc</load_address>
         <run_address>0x87cc</run_address>
         <size>0x20</size>
         <input_file_ref idref="fl-3"/>
      </object_component>
      <object_component id="oc-906">
         <name>.TI.persistent:f_output</name>
         <load_address>0x87ec</load_address>
         <run_address>0x87ec</run_address>
         <size>0x14</size>
         <input_file_ref idref="fl-3"/>
      </object_component>
      <object_component id="oc-a25">
         <name>.TI.persistent:n_bias5_6</name>
         <load_address>0x8800</load_address>
         <run_address>0x8800</run_address>
         <size>0x14</size>
         <input_file_ref idref="fl-3"/>
      </object_component>
      <object_component id="oc-8de">
         <name>.TI.persistent:n_bias0_1</name>
         <load_address>0x8814</load_address>
         <run_address>0x8814</run_address>
         <size>0xc</size>
         <input_file_ref idref="fl-3"/>
      </object_component>
      <object_component id="oc-c90">
         <name>.cio</name>
         <load_address>0x8820</load_address>
         <run_address>0x8820</run_address>
         <size>0x120</size>
         <input_file_ref idref="fl-f5"/>
      </object_component>
      <object_component id="oc-69a">
         <name>.sysmem</name>
         <load_address>0x8940</load_address>
         <run_address>0x8940</run_address>
         <size>0x8</size>
         <input_file_ref idref="fl-ff"/>
      </object_component>
      <object_component id="oc-d53">
         <name>.sysmem</name>
         <load_address>0x8940</load_address>
         <run_address>0x8940</run_address>
         <size>0x0</size>
      </object_component>
      <object_component id="oc-d50">
         <name>.cinit..data.load</name>
         <load_address>0xa6d4</load_address>
         <run_address>0xa6d4</run_address>
         <size>0x56</size>
      </object_component>
      <object_component id="oc-d4d">
         <name>__TI_handler_table</name>
         <load_address>0xa72a</load_address>
         <run_address>0xa72a</run_address>
         <size>0xc</size>
      </object_component>
      <object_component id="oc-d51">
         <name>.cinit..leaRAM.load</name>
         <load_address>0xa736</load_address>
         <run_address>0xa736</run_address>
         <size>0x9</size>
      </object_component>
      <object_component id="oc-d4f">
         <name>.cinit..bss.load</name>
         <load_address>0xa740</load_address>
         <run_address>0xa740</run_address>
         <size>0x6</size>
      </object_component>
      <object_component id="oc-d4e">
         <name>__TI_cinit_table</name>
         <load_address>0xa746</load_address>
         <run_address>0xa746</run_address>
         <size>0x18</size>
      </object_component>
      <object_component id="oc-cdc">
         <name>.binit</name>
         <load_address>0x4000</load_address>
         <run_address>0x4000</run_address>
         <size>0x0</size>
      </object_component>
      <object_component id="oc-6d2">
         <name>.text:_isr:_c_int00_noargs</name>
         <load_address>0x8c00</load_address>
         <run_address>0x8c00</run_address>
         <size>0x1c</size>
         <input_file_ref idref="fl-ce"/>
      </object_component>
      <object_component id="oc-6b5">
         <name>.text:_isr:msp_lea_isr</name>
         <load_address>0x8c1c</load_address>
         <run_address>0x8c1c</run_address>
         <size>0x1c</size>
         <input_file_ref idref="fl-11"/>
      </object_component>
      <object_component id="oc-6bb">
         <name>.text:_isr:__TI_ISR_TRAP</name>
         <load_address>0x8c38</load_address>
         <run_address>0x8c38</run_address>
         <size>0x8</size>
         <input_file_ref idref="fl-92"/>
      </object_component>
      <object_component id="oc-a22">
         <name>.const:weight5_6</name>
         <load_address>0x8c40</load_address>
         <run_address>0x8c40</run_address>
         <size>0x1400</size>
         <input_file_ref idref="fl-3"/>
      </object_component>
      <object_component id="oc-a0c">
         <name>.const:weight4_5</name>
         <load_address>0xa040</load_address>
         <run_address>0xa040</run_address>
         <size>0x400</size>
         <input_file_ref idref="fl-3"/>
      </object_component>
      <object_component id="oc-a18">
         <name>.const:n_bias4_5</name>
         <load_address>0xa440</load_address>
         <run_address>0xa440</run_address>
         <size>0x200</size>
         <input_file_ref idref="fl-3"/>
      </object_component>
      <object_component id="oc-7da">
         <name>.const:.string</name>
         <load_address>0xa640</load_address>
         <run_address>0xa640</run_address>
         <size>0x20</size>
         <input_file_ref idref="fl-4"/>
      </object_component>
      <object_component id="oc-b63">
         <name>.const:msp_shift_right_factor_q15</name>
         <load_address>0xa660</load_address>
         <run_address>0xa660</run_address>
         <size>0x20</size>
         <input_file_ref idref="fl-6c"/>
      </object_component>
      <object_component id="oc-a51">
         <name>.const:.string</name>
         <load_address>0xa680</load_address>
         <run_address>0xa680</run_address>
         <size>0x14</size>
         <input_file_ref idref="fl-e5"/>
      </object_component>
      <object_component id="oc-988">
         <name>.const:bp</name>
         <load_address>0xa694</load_address>
         <run_address>0xa694</run_address>
         <size>0x10</size>
         <input_file_ref idref="fl-d9"/>
      </object_component>
      <object_component id="oc-997">
         <name>.const:dp_h</name>
         <load_address>0xa6a4</load_address>
         <run_address>0xa6a4</run_address>
         <size>0x10</size>
         <input_file_ref idref="fl-d9"/>
      </object_component>
      <object_component id="oc-99a">
         <name>.const:dp_l</name>
         <load_address>0xa6b4</load_address>
         <run_address>0xa6b4</run_address>
         <size>0x10</size>
         <input_file_ref idref="fl-d9"/>
      </object_component>
      <object_component id="oc-9c8">
         <name>.const:.string:TAx_ID$1</name>
         <load_address>0xa6c4</load_address>
         <run_address>0xa6c4</run_address>
         <size>0x8</size>
         <input_file_ref idref="fl-3"/>
      </object_component>
      <object_component id="oc-9ca">
         <name>.const:.string:TAx_IDEX_SCALE$2</name>
         <load_address>0xa6cc</load_address>
         <run_address>0xa6cc</run_address>
         <size>0x8</size>
         <input_file_ref idref="fl-3"/>
      </object_component>
      <object_component id="oc-8aa">
         <name>.text:pow</name>
         <load_address>0x10000</load_address>
         <run_address>0x10000</run_address>
         <size>0x1148</size>
         <input_file_ref idref="fl-d9"/>
      </object_component>
      <object_component id="oc-83f">
         <name>.text:forward</name>
         <load_address>0x11148</load_address>
         <run_address>0x11148</run_address>
         <size>0x5a0</size>
         <input_file_ref idref="fl-3"/>
      </object_component>
      <object_component id="oc-a73">
         <name>.text:__TI_frcdivd</name>
         <load_address>0x116e8</load_address>
         <run_address>0x116e8</run_address>
         <size>0x466</size>
         <input_file_ref idref="fl-df"/>
      </object_component>
      <object_component id="oc-95e">
         <name>.text:__mspabi_addd</name>
         <load_address>0x11b4e</load_address>
         <run_address>0x11b4e</run_address>
         <size>0x2e0</size>
         <input_file_ref idref="fl-da"/>
      </object_component>
      <object_component id="oc-979">
         <name>.text:sqrt</name>
         <load_address>0x11e2e</load_address>
         <run_address>0x11e2e</run_address>
         <size>0x2de</size>
         <input_file_ref idref="fl-103"/>
      </object_component>
      <object_component id="oc-9b0">
         <name>.text:__TI_frcmpyd</name>
         <load_address>0x1210c</load_address>
         <run_address>0x1210c</run_address>
         <size>0x280</size>
         <input_file_ref idref="fl-c0"/>
      </object_component>
      <object_component id="oc-8b0">
         <name>.text:__mspabi_mpyd</name>
         <load_address>0x1238c</load_address>
         <run_address>0x1238c</run_address>
         <size>0x266</size>
         <input_file_ref idref="fl-bf"/>
      </object_component>
      <object_component id="oc-a68">
         <name>.text:__TI_frcaddd</name>
         <load_address>0x125f2</load_address>
         <run_address>0x125f2</run_address>
         <size>0x248</size>
         <input_file_ref idref="fl-db"/>
      </object_component>
      <object_component id="oc-b5b">
         <name>.text:msp_cmplx_shift_q15</name>
         <load_address>0x1283a</load_address>
         <run_address>0x1283a</run_address>
         <size>0x232</size>
         <input_file_ref idref="fl-56"/>
      </object_component>
      <object_component id="oc-973">
         <name>.text:__mspabi_divd</name>
         <load_address>0x12a6c</load_address>
         <run_address>0x12a6c</run_address>
         <size>0x222</size>
         <input_file_ref idref="fl-de"/>
      </object_component>
      <object_component id="oc-ae4">
         <name>.text:msp_shift_q15</name>
         <load_address>0x12c8e</load_address>
         <run_address>0x12c8e</run_address>
         <size>0x1f8</size>
         <input_file_ref idref="fl-6c"/>
      </object_component>
      <object_component id="oc-8f9">
         <name>.text:FC_Convolution</name>
         <load_address>0x12e86</load_address>
         <run_address>0x12e86</run_address>
         <size>0x1ea</size>
         <input_file_ref idref="fl-3"/>
      </object_component>
      <object_component id="oc-9ef">
         <name>.text:msp_add_q15</name>
         <load_address>0x13070</load_address>
         <run_address>0x13070</run_address>
         <size>0x1a6</size>
         <input_file_ref idref="fl-48"/>
      </object_component>
      <object_component id="oc-ad7">
         <name>.text:msp_cmplx_mpy_q15</name>
         <load_address>0x13216</load_address>
         <run_address>0x13216</run_address>
         <size>0x19e</size>
         <input_file_ref idref="fl-50"/>
      </object_component>
      <object_component id="oc-9d3">
         <name>.text:msp_mac_q15</name>
         <load_address>0x133b4</load_address>
         <run_address>0x133b4</run_address>
         <size>0x198</size>
         <input_file_ref idref="fl-5a"/>
      </object_component>
      <object_component id="oc-ab7">
         <name>.text:msp_deinterleave_q15</name>
         <load_address>0x1354c</load_address>
         <run_address>0x1354c</run_address>
         <size>0x18c</size>
         <input_file_ref idref="fl-3d"/>
      </object_component>
      <object_component id="oc-8e1">
         <name>.text:add_bias</name>
         <load_address>0x136d8</load_address>
         <run_address>0x136d8</run_address>
         <size>0x174</size>
         <input_file_ref idref="fl-3"/>
      </object_component>
      <object_component id="oc-b55">
         <name>.text:msp_cmplx_fft_auto_q15</name>
         <load_address>0x1384c</load_address>
         <run_address>0x1384c</run_address>
         <size>0x172</size>
         <input_file_ref idref="fl-27"/>
      </object_component>
      <object_component id="oc-9e8">
         <name>.text:msp_fill_q15</name>
         <load_address>0x139be</load_address>
         <run_address>0x139be</run_address>
         <size>0x16c</size>
         <input_file_ref idref="fl-3f"/>
      </object_component>
      <object_component id="oc-9a3">
         <name>.text:scalbn</name>
         <load_address>0x13b2a</load_address>
         <run_address>0x13b2a</run_address>
         <size>0x15a</size>
         <input_file_ref idref="fl-f9"/>
      </object_component>
      <object_component id="oc-ad1">
         <name>.text:msp_cmplx_fft_fixed_q15</name>
         <load_address>0x13c84</load_address>
         <run_address>0x13c84</run_address>
         <size>0x156</size>
         <input_file_ref idref="fl-28"/>
      </object_component>
      <object_component id="oc-b66">
         <name>.text:msp_copy_q15</name>
         <load_address>0x13dda</load_address>
         <run_address>0x13dda</run_address>
         <size>0x142</size>
         <input_file_ref idref="fl-3b"/>
      </object_component>
      <object_component id="oc-8ff">
         <name>.text:FC_convolution_last</name>
         <load_address>0x13f1c</load_address>
         <run_address>0x13f1c</run_address>
         <size>0x13e</size>
         <input_file_ref idref="fl-3"/>
      </object_component>
      <object_component id="oc-b45">
         <name>.text:msp_cmplx_bitrev_q15</name>
         <load_address>0x1405a</load_address>
         <run_address>0x1405a</run_address>
         <size>0x13e</size>
         <input_file_ref idref="fl-26"/>
      </object_component>
      <object_component id="oc-a1b">
         <name>.text:add_bias_1d</name>
         <load_address>0x14198</load_address>
         <run_address>0x14198</run_address>
         <size>0x13c</size>
         <input_file_ref idref="fl-3"/>
      </object_component>
      <object_component id="oc-922">
         <name>.text:_setfield</name>
         <load_address>0x142d4</load_address>
         <run_address>0x142d4</run_address>
         <size>0x132</size>
         <input_file_ref idref="fl-e5"/>
      </object_component>
      <object_component id="oc-89f">
         <name>.text</name>
         <load_address>0x14406</load_address>
         <run_address>0x14406</run_address>
         <size>0x132</size>
         <input_file_ref idref="fl-cd"/>
      </object_component>
      <object_component id="oc-bea">
         <name>.text:aligned_alloc</name>
         <load_address>0x14538</load_address>
         <run_address>0x14538</run_address>
         <size>0x12c</size>
         <input_file_ref idref="fl-ff"/>
      </object_component>
      <object_component id="oc-90e">
         <name>.text:fputs</name>
         <load_address>0x14664</load_address>
         <run_address>0x14664</run_address>
         <size>0xf0</size>
         <input_file_ref idref="fl-ea"/>
      </object_component>
      <object_component id="oc-a0f">
         <name>.text:fftmultiplication</name>
         <load_address>0x14754</load_address>
         <run_address>0x14754</run_address>
         <size>0xe4</size>
         <input_file_ref idref="fl-3"/>
      </object_component>
      <object_component id="oc-b7b">
         <name>.text:free</name>
         <load_address>0x14838</load_address>
         <run_address>0x14838</run_address>
         <size>0xe2</size>
         <input_file_ref idref="fl-ff"/>
      </object_component>
      <object_component id="oc-afa">
         <name>.text:setvbuf</name>
         <load_address>0x1491a</load_address>
         <run_address>0x1491a</run_address>
         <size>0xde</size>
         <input_file_ref idref="fl-fb"/>
      </object_component>
      <object_component id="oc-85b">
         <name>.text:__TI_printfi_minimal</name>
         <load_address>0x149f8</load_address>
         <run_address>0x149f8</run_address>
         <size>0xdc</size>
         <input_file_ref idref="fl-e5"/>
      </object_component>
      <object_component id="oc-a52">
         <name>.text:_pproc_diouxp</name>
         <load_address>0x14ad4</load_address>
         <run_address>0x14ad4</run_address>
         <size>0xda</size>
         <input_file_ref idref="fl-e5"/>
      </object_component>
      <object_component id="oc-99d">
         <name>.text:__mspabi_cmpd</name>
         <load_address>0x14bae</load_address>
         <run_address>0x14bae</run_address>
         <size>0xd8</size>
         <input_file_ref idref="fl-dd"/>
      </object_component>
      <object_component id="oc-839">
         <name>.text:normalization</name>
         <load_address>0x14c86</load_address>
         <run_address>0x14c86</run_address>
         <size>0xce</size>
         <input_file_ref idref="fl-3"/>
      </object_component>
      <object_component id="oc-b1b">
         <name>.text:__TI_renormd</name>
         <load_address>0x14d54</load_address>
         <run_address>0x14d54</run_address>
         <size>0xb2</size>
         <input_file_ref idref="fl-dc"/>
      </object_component>
      <object_component id="oc-991">
         <name>.text:__mspabi_fltlid</name>
         <load_address>0x14e06</load_address>
         <run_address>0x14e06</run_address>
         <size>0x9e</size>
         <input_file_ref idref="fl-e0"/>
      </object_component>
      <object_component id="oc-c15">
         <name>.text:HOSTlseek</name>
         <load_address>0x14ea4</load_address>
         <run_address>0x14ea4</run_address>
         <size>0x9a</size>
         <input_file_ref idref="fl-ef"/>
      </object_component>
      <object_component id="oc-915">
         <name>.text:fputc</name>
         <load_address>0x14f3e</load_address>
         <run_address>0x14f3e</run_address>
         <size>0x90</size>
         <input_file_ref idref="fl-e7"/>
      </object_component>
      <object_component id="oc-89a">
         <name>.text</name>
         <load_address>0x14fce</load_address>
         <run_address>0x14fce</run_address>
         <size>0x90</size>
         <input_file_ref idref="fl-b9"/>
      </object_component>
      <object_component id="oc-a2d">
         <name>.text:__TI_wrt_ok</name>
         <load_address>0x1505e</load_address>
         <run_address>0x1505e</run_address>
         <size>0x7e</size>
         <input_file_ref idref="fl-e9"/>
      </object_component>
      <object_component id="oc-84">
         <name>.text:decompress:lzss:__TI_decompress_lzss</name>
         <load_address>0x150dc</load_address>
         <run_address>0x150dc</run_address>
         <size>0x76</size>
         <input_file_ref idref="fl-8f"/>
      </object_component>
      <object_component id="oc-c21">
         <name>.text:HOSTrename</name>
         <load_address>0x15152</load_address>
         <run_address>0x15152</run_address>
         <size>0x74</size>
         <input_file_ref idref="fl-f2"/>
      </object_component>
      <object_component id="oc-bf1">
         <name>.text:__TI_closefile</name>
         <load_address>0x151c6</load_address>
         <run_address>0x151c6</run_address>
         <size>0x74</size>
         <input_file_ref idref="fl-fd"/>
      </object_component>
      <object_component id="oc-c43">
         <name>.text:split</name>
         <load_address>0x1523a</load_address>
         <run_address>0x1523a</run_address>
         <size>0x74</size>
         <input_file_ref idref="fl-ff"/>
      </object_component>
      <object_component id="oc-bfd">
         <name>.text:HOSTopen</name>
         <load_address>0x152ae</load_address>
         <run_address>0x152ae</run_address>
         <size>0x70</size>
         <input_file_ref idref="fl-f0"/>
      </object_component>
      <object_component id="oc-c0f">
         <name>.text:HOSTwrite</name>
         <load_address>0x1531e</load_address>
         <run_address>0x1531e</run_address>
         <size>0x6c</size>
         <input_file_ref idref="fl-f4"/>
      </object_component>
      <object_component id="oc-c09">
         <name>.text:HOSTread</name>
         <load_address>0x1538a</load_address>
         <run_address>0x1538a</run_address>
         <size>0x6a</size>
         <input_file_ref idref="fl-f1"/>
      </object_component>
      <object_component id="oc-777">
         <name>.text:configGPIO</name>
         <load_address>0x153f4</load_address>
         <run_address>0x153f4</run_address>
         <size>0x6a</size>
         <input_file_ref idref="fl-4"/>
      </object_component>
      <object_component id="oc-af4">
         <name>.text:fseek</name>
         <load_address>0x1545e</load_address>
         <run_address>0x1545e</run_address>
         <size>0x6a</size>
         <input_file_ref idref="fl-eb"/>
      </object_component>
      <object_component id="oc-9bd">
         <name>.text:__mspabi_fixdli</name>
         <load_address>0x154c8</load_address>
         <run_address>0x154c8</run_address>
         <size>0x66</size>
         <input_file_ref idref="fl-bd"/>
      </object_component>
      <object_component id="oc-add">
         <name>.text:msp_cmplx_ifft_fixed_q15</name>
         <load_address>0x1552e</load_address>
         <run_address>0x1552e</run_address>
         <size>0x66</size>
         <input_file_ref idref="fl-2b"/>
      </object_component>
      <object_component id="oc-a39">
         <name>.text:__TI_doflush</name>
         <load_address>0x15594</load_address>
         <run_address>0x15594</run_address>
         <size>0x64</size>
         <input_file_ref idref="fl-e8"/>
      </object_component>
      <object_component id="oc-8a4">
         <name>.text:__mspabi_cvtfd</name>
         <load_address>0x155f8</load_address>
         <run_address>0x155f8</run_address>
         <size>0x64</size>
         <input_file_ref idref="fl-b8"/>
      </object_component>
      <object_component id="oc-c4a">
         <name>.text:close</name>
         <load_address>0x1565c</load_address>
         <run_address>0x1565c</run_address>
         <size>0x5a</size>
         <input_file_ref idref="fl-fe"/>
      </object_component>
      <object_component id="oc-c84">
         <name>.text:getdevice</name>
         <load_address>0x156b6</load_address>
         <run_address>0x156b6</run_address>
         <size>0x5a</size>
         <input_file_ref idref="fl-101"/>
      </object_component>
      <object_component id="oc-7ae">
         <name>.text:__TI_auto_init_nobinit_nopinit_hold_wdt:__TI_auto_init_nobinit_nopinit_hold_wdt</name>
         <load_address>0x15710</load_address>
         <run_address>0x15710</run_address>
         <size>0x54</size>
         <input_file_ref idref="fl-d1"/>
      </object_component>
      <object_component id="oc-aaf">
         <name>.text:msp_lea_init</name>
         <load_address>0x15764</load_address>
         <run_address>0x15764</run_address>
         <size>0x52</size>
         <input_file_ref idref="fl-10"/>
      </object_component>
      <object_component id="oc-c03">
         <name>.text:HOSTclose</name>
         <load_address>0x157b6</load_address>
         <run_address>0x157b6</run_address>
         <size>0x4e</size>
         <input_file_ref idref="fl-ee"/>
      </object_component>
      <object_component id="oc-790">
         <name>.text:exit</name>
         <load_address>0x15804</load_address>
         <run_address>0x15804</run_address>
         <size>0x4a</size>
         <input_file_ref idref="fl-d5"/>
      </object_component>
      <object_component id="oc-7db">
         <name>.text:printf</name>
         <load_address>0x1584e</load_address>
         <run_address>0x1584e</run_address>
         <size>0x4a</size>
         <input_file_ref idref="fl-e4"/>
      </object_component>
      <object_component id="oc-928">
         <name>.text:_pproc_str</name>
         <load_address>0x15898</load_address>
         <run_address>0x15898</run_address>
         <size>0x48</size>
         <input_file_ref idref="fl-e5"/>
      </object_component>
      <object_component id="oc-c1b">
         <name>.text:HOSTunlink</name>
         <load_address>0x158e0</load_address>
         <run_address>0x158e0</run_address>
         <size>0x46</size>
         <input_file_ref idref="fl-f3"/>
      </object_component>
      <object_component id="oc-77d">
         <name>.text:configClocks</name>
[...]
         <value>0x15a64</value>
         <object_component_ref idref="oc-a88"/>
      </symbol>
      <symbol id="sm-b6b">
         <name>__mspabi_slll_2</name>
         <value>0x15a68</value>
         <object_component_ref idref="oc-a88"/>
      </symbol>
      <symbol id="sm-b6c">
         <name>__mspabi_slll_1</name>
         <value>0x15a6c</value>
         <object_component_ref idref="oc-a88"/>
      </symbol>
      <symbol id="sm-b6d">
         <name>__mspabi_slll</name>
         <value>0x1609c</value>
         <object_component_ref idref="oc-969"/>
      </symbol>
      <symbol id="sm-b6e">
         <name>__mspabi_slll_15</name>
         <value>0x15a34</value>
         <object_component_ref idref="oc-a88"/>
      </symbol>
      <symbol id="sm-b6f">
         <name>__mspabi_slll_14</name>
         <value>0x15a38</value>
         <object_component_ref idref="oc-a88"/>
      </symbol>
      <symbol id="sm-b70">
         <name>__mspabi_slll_13</name>
         <value>0x15a3c</value>
         <object_component_ref idref="oc-a88"/>
      </symbol>
      <symbol id="sm-b71">
         <name>__mspabi_slll_12</name>
         <value>0x15a40</value>
         <object_component_ref idref="oc-a88"/>
      </symbol>
      <symbol id="sm-b72">
         <name>__mspabi_slll_11</name>
         <value>0x15a44</value>
         <object_component_ref idref="oc-a88"/>
      </symbol>
      <symbol id="sm-b73">
         <name>__mspabi_slll_10</name>
         <value>0x15a48</value>
         <object_component_ref idref="oc-a88"/>
      </symbol>
      <symbol id="sm-b83">
         <name>__mspabi_sral</name>
         <value>0x1608c</value>
         <object_component_ref idref="oc-964"/>
      </symbol>
      <symbol id="sm-b84">
         <name>__mspabi_sral_15</name>
         <value>0x159f6</value>
         <object_component_ref idref="oc-953"/>
      </symbol>
      <symbol id="sm-b85">
         <name>__mspabi_sral_14</name>
         <value>0x159fa</value>
         <object_component_ref idref="oc-953"/>
      </symbol>
      <symbol id="sm-b86">
         <name>__mspabi_sral_13</name>
         <value>0x159fe</value>
         <object_component_ref idref="oc-953"/>
      </symbol>
      <symbol id="sm-b87">
         <name>__mspabi_sral_12</name>
         <value>0x15a02</value>
         <object_component_ref idref="oc-953"/>
      </symbol>
      <symbol id="sm-b88">
         <name>__mspabi_sral_11</name>
         <value>0x15a06</value>
         <object_component_ref idref="oc-953"/>
      </symbol>
      <symbol id="sm-b89">
         <name>__mspabi_sral_10</name>
         <value>0x15a0a</value>
         <object_component_ref idref="oc-953"/>
      </symbol>
      <symbol id="sm-b8a">
         <name>__mspabi_sral_8</name>
         <value>0x15a12</value>
         <object_component_ref idref="oc-953"/>
      </symbol>
      <symbol id="sm-b8b">
         <name>__mspabi_sral_9</name>
         <value>0x15a0e</value>
         <object_component_ref idref="oc-953"/>
      </symbol>
      <symbol id="sm-b8c">
         <name>__mspabi_sral_6</name>
         <value>0x15a1a</value>
         <object_component_ref idref="oc-953"/>
      </symbol>
      <symbol id="sm-b8d">
         <name>__mspabi_sral_7</name>
         <value>0x15a16</value>
         <object_component_ref idref="oc-953"/>
      </symbol>
      <symbol id="sm-b8e">
         <name>__mspabi_sral_4</name>
         <value>0x15a22</value>
         <object_component_ref idref="oc-953"/>
      </symbol>
      <symbol id="sm-b8f">
         <name>__mspabi_sral_5</name>
         <value>0x15a1e</value>
         <object_component_ref idref="oc-953"/>
      </symbol>
      <symbol id="sm-b90">
         <name>__mspabi_sral_2</name>
         <value>0x15a2a</value>
         <object_component_ref idref="oc-953"/>
      </symbol>
      <symbol id="sm-b91">
         <name>__mspabi_sral_3</name>
         <value>0x15a26</value>
         <object_component_ref idref="oc-953"/>
      </symbol>
      <symbol id="sm-b92">
         <name>__mspabi_sral_1</name>
         <value>0x15a2e</value>
         <object_component_ref idref="oc-953"/>
      </symbol>
      <symbol id="sm-ba2">
         <name>__mspabi_srll_8</name>
         <value>0x15a8e</value>
         <object_component_ref idref="oc-a7b"/>
      </symbol>
      <symbol id="sm-ba3">
         <name>__mspabi_srll_9</name>
         <value>0x15a8a</value>
         <object_component_ref idref="oc-a7b"/>
      </symbol>
      <symbol id="sm-ba4">
         <name>__mspabi_srll_6</name>
         <value>0x15a96</value>
         <object_component_ref idref="oc-a7b"/>
      </symbol>
      <symbol id="sm-ba5">
         <name>__mspabi_srll_7</name>
         <value>0x15a92</value>
         <object_component_ref idref="oc-a7b"/>
      </symbol>
      <symbol id="sm-ba6">
         <name>__mspabi_srll_4</name>
         <value>0x15a9e</value>
         <object_component_ref idref="oc-a7b"/>
      </symbol>
      <symbol id="sm-ba7">
         <name>__mspabi_srll_5</name>
         <value>0x15a9a</value>
         <object_component_ref idref="oc-a7b"/>
      </symbol>
      <symbol id="sm-ba8">
         <name>__mspabi_srll_2</name>
         <value>0x15aa6</value>
         <object_component_ref idref="oc-a7b"/>
      </symbol>
      <symbol id="sm-ba9">
         <name>__mspabi_srll_3</name>
         <value>0x15aa2</value>
         <object_component_ref idref="oc-a7b"/>
      </symbol>
      <symbol id="sm-baa">
         <name>__mspabi_srll_1</name>
         <value>0x15aaa</value>
         <object_component_ref idref="oc-a7b"/>
      </symbol>
      <symbol id="sm-bab">
         <name>__mspabi_srll_15</name>
         <value>0x15a72</value>
         <object_component_ref idref="oc-a7b"/>
      </symbol>
      <symbol id="sm-bac">
         <name>__mspabi_srll_14</name>
         <value>0x15a76</value>
         <object_component_ref idref="oc-a7b"/>
      </symbol>
      <symbol id="sm-bad">
         <name>__mspabi_srll_13</name>
         <value>0x15a7a</value>
         <object_component_ref idref="oc-a7b"/>
      </symbol>
      <symbol id="sm-bae">
         <name>__mspabi_srll_12</name>
         <value>0x15a7e</value>
         <object_component_ref idref="oc-a7b"/>
      </symbol>
      <symbol id="sm-baf">
         <name>__mspabi_srll_11</name>
         <value>0x15a82</value>
         <object_component_ref idref="oc-a7b"/>
      </symbol>
      <symbol id="sm-bb0">
         <name>__mspabi_srll_10</name>
         <value>0x15a86</value>
         <object_component_ref idref="oc-a7b"/>
      </symbol>
      <symbol id="sm-bb1">
         <name>__mspabi_srll</name>
         <value>0x160ac</value>
         <object_component_ref idref="oc-96e"/>
      </symbol>
      <symbol id="sm-bcd">
         <name>__mspabi_subf</name>
         <value>0x14406</value>
         <object_component_ref idref="oc-89f"/>
      </symbol>
      <symbol id="sm-bce">
         <name>__mspabi_addf</name>
         <value>0x1440c</value>
         <object_component_ref idref="oc-89f"/>
      </symbol>
      <symbol id="sm-bde">
         <name>_stack</name>
         <value>0x2b60</value>
         <object_component_ref idref="oc-696"/>
      </symbol>
      <symbol id="sm-bdf">
         <name>_c_int00_noargs</name>
         <value>0x8c00</value>
         <object_component_ref idref="oc-6d2"/>
      </symbol>
      <symbol id="sm-be0">
         <name>_reset_vector</name>
         <value>0xfffe</value>
         <object_component_ref idref="oc-699"/>
      </symbol>
      <symbol id="sm-c05">
         <name>__TI_auto_init_nobinit_nopinit_hold_wdt</name>
         <value>0x15710</value>
         <object_component_ref idref="oc-7ae"/>
      </symbol>
      <symbol id="sm-c0e">
         <name>_system_post_cinit</name>
         <value>0x160f2</value>
         <object_component_ref idref="oc-7f4"/>
      </symbol>
      <symbol id="sm-c17">
         <name>_system_pre_init</name>
         <value>0x160ec</value>
         <object_component_ref idref="oc-722"/>
      </symbol>
      <symbol id="sm-c3a">
         <name>C$$EXIT</name>
         <value>0x160e2</value>
         <object_component_ref idref="oc-78a"/>
      </symbol>
      <symbol id="sm-c3b">
         <name>abort</name>
         <value>0x160e2</value>
         <object_component_ref idref="oc-78a"/>
      </symbol>
      <symbol id="sm-c3c">
         <name>__TI_enable_exit_profile_output</name>
         <value>0x1d98</value>
         <object_component_ref idref="oc-7e3"/>
      </symbol>
      <symbol id="sm-c3d">
         <name>exit</name>
         <value>0x15804</value>
         <object_component_ref idref="oc-790"/>
      </symbol>
      <symbol id="sm-c4c">
         <name>__TI_dtors_ptr</name>
         <value>0x1d88</value>
         <object_component_ref idref="oc-7e9"/>
      </symbol>
      <symbol id="sm-c4d">
         <name>__TI_cleanup_ptr</name>
         <value>0x1d84</value>
         <object_component_ref idref="oc-7ec"/>
      </symbol>
      <symbol id="sm-c63">
         <name>_nop</name>
         <value>0x160f0</value>
         <object_component_ref idref="oc-865"/>
      </symbol>
      <symbol id="sm-c64">
         <name>_lock</name>
         <value>0x1d8c</value>
         <object_component_ref idref="oc-7e6"/>
      </symbol>
      <symbol id="sm-c65">
         <name>_unlock</name>
         <value>0x1d90</value>
         <object_component_ref idref="oc-7ef"/>
      </symbol>
      <symbol id="sm-c73">
         <name>memcpy</name>
         <value>0x16054</value>
         <object_component_ref idref="oc-6a8"/>
      </symbol>
      <symbol id="sm-d0a">
         <name>pow</name>
         <value>0x10000</value>
         <object_component_ref idref="oc-8aa"/>
      </symbol>
      <symbol id="sm-d0b">
         <name>powl</name>
         <value>0x10000</value>
         <object_component_ref idref="oc-8aa"/>
      </symbol>
      <symbol id="sm-d2d">
         <name>__mspabi_addd</name>
         <value>0x11b4e</value>
         <object_component_ref idref="oc-95e"/>
      </symbol>
      <symbol id="sm-d4e">
         <name>__TI_frcaddd</name>
         <value>0x125f2</value>
         <object_component_ref idref="oc-a68"/>
      </symbol>
      <symbol id="sm-d62">
         <name>__TI_renormd</name>
         <value>0x14d54</value>
         <object_component_ref idref="oc-b1b"/>
      </symbol>
      <symbol id="sm-d7c">
         <name>__mspabi_cmpd</name>
         <value>0x14bae</value>
         <object_component_ref idref="oc-99d"/>
      </symbol>
      <symbol id="sm-d9d">
         <name>__mspabi_divd</name>
         <value>0x12a6c</value>
         <object_component_ref idref="oc-973"/>
      </symbol>
      <symbol id="sm-db8">
         <name>__TI_frcdivd</name>
         <value>0x116e8</value>
         <object_component_ref idref="oc-a73"/>
      </symbol>
      <symbol id="sm-dd0">
         <name>__mspabi_fltlid</name>
         <value>0x14e06</value>
         <object_component_ref idref="oc-991"/>
      </symbol>
      <symbol id="sm-dd9">
         <name>__mspabi_negd</name>
         <value>0x15da4</value>
         <object_component_ref idref="oc-97f"/>
      </symbol>
      <symbol id="sm-de2">
         <name>__mspabi_subd</name>
         <value>0x15ce0</value>
         <object_component_ref idref="oc-98b"/>
      </symbol>
      <symbol id="sm-de9">
         <name>errno</name>
         <value>0x1d96</value>
         <object_component_ref idref="oc-985"/>
      </symbol>
      <symbol id="sm-e0c">
         <name>printf</name>
         <value>0x1584e</value>
         <object_component_ref idref="oc-7db"/>
      </symbol>
      <symbol id="sm-e65">
         <name>__TI_printfi_minimal</name>
         <value>0x149f8</value>
         <object_component_ref idref="oc-85b"/>
      </symbol>
      <symbol id="sm-e75">
         <name>__TI_tmpnams</name>
         <value>0x1d9c</value>
      </symbol>
      <symbol id="sm-e76">
         <name>_ftable</name>
         <value>0x1c00</value>
         <object_component_ref idref="oc-84c"/>
      </symbol>
      <symbol id="sm-e77">
         <name>__TI_ft_end</name>
         <value>0x1d94</value>
         <object_component_ref idref="oc-bf7"/>
      </symbol>
      <symbol id="sm-e8a">
         <name>putc</name>
         <value>0x14f3e</value>
         <object_component_ref idref="oc-915"/>
      </symbol>
      <symbol id="sm-e8b">
         <name>fputc</name>
         <value>0x14f3e</value>
         <object_component_ref idref="oc-915"/>
      </symbol>
      <symbol id="sm-e9c">
         <name>__TI_doflush</name>
         <value>0x15594</value>
         <object_component_ref idref="oc-a39"/>
      </symbol>
      <symbol id="sm-eb4">
         <name>__TI_wrt_ok</name>
         <value>0x1505e</value>
         <object_component_ref idref="oc-a2d"/>
      </symbol>
      <symbol id="sm-ecc">
         <name>fputs</name>
         <value>0x14664</value>
         <object_component_ref idref="oc-90e"/>
      </symbol>
      <symbol id="sm-ee1">
         <name>fseek</name>
         <value>0x1545e</value>
         <object_component_ref idref="oc-af4"/>
      </symbol>
      <symbol id="sm-ef4">
         <name>lseek</name>
         <value>0x15ab0</value>
         <object_component_ref idref="oc-b73"/>
      </symbol>
      <symbol id="sm-f03">
         <name>_stream</name>
         <value>0x1d40</value>
         <object_component_ref idref="oc-b06"/>
      </symbol>
      <symbol id="sm-f04">
         <name>_device</name>
         <value>0x1cc8</value>
         <object_component_ref idref="oc-b9a"/>
      </symbol>
      <symbol id="sm-f10">
         <name>HOSTclose</name>
         <value>0x157b6</value>
         <object_component_ref idref="oc-c03"/>
      </symbol>
      <symbol id="sm-f1c">
         <name>HOSTlseek</name>
         <value>0x14ea4</value>
         <object_component_ref idref="oc-c15"/>
      </symbol>
      <symbol id="sm-f2a">
         <name>parmbuf</name>
         <value>0x1e44</value>
      </symbol>
      <symbol id="sm-f2b">
         <name>HOSTopen</name>
         <value>0x152ae</value>
         <object_component_ref idref="oc-bfd"/>
      </symbol>
      <symbol id="sm-f38">
         <name>HOSTread</name>
         <value>0x1538a</value>
         <object_component_ref idref="oc-c09"/>
      </symbol>
      <symbol id="sm-f44">
         <name>HOSTrename</name>
         <value>0x15152</value>
         <object_component_ref idref="oc-c21"/>
      </symbol>
      <symbol id="sm-f50">
         <name>HOSTunlink</name>
         <value>0x158e0</value>
         <object_component_ref idref="oc-c1b"/>
      </symbol>
      <symbol id="sm-f5d">
         <name>HOSTwrite</name>
         <value>0x1531e</value>
         <object_component_ref idref="oc-c0f"/>
      </symbol>
      <symbol id="sm-f7b">
         <name>__TI_readmsg</name>
         <value>0x15cae</value>
         <object_component_ref idref="oc-c64"/>
      </symbol>
      <symbol id="sm-f7c">
         <name>C$$IO$$</name>
         <value>0x15c40</value>
         <object_component_ref idref="oc-c5e"/>
      </symbol>
      <symbol id="sm-f7d">
         <name>_CIOBUF_</name>
         <value>0x8820</value>
         <object_component_ref idref="oc-c90"/>
      </symbol>
      <symbol id="sm-f7e">
         <name>__TI_writemsg</name>
         <value>0x15c0e</value>
         <object_component_ref idref="oc-c5e"/>
      </symbol>
      <symbol id="sm-f8d">
         <name>memccpy</name>
         <value>0x15f40</value>
         <object_component_ref idref="oc-a58"/>
      </symbol>
      <symbol id="sm-f9c">
         <name>memchr</name>
         <value>0x16012</value>
         <object_component_ref idref="oc-a33"/>
      </symbol>
      <symbol id="sm-faa">
         <name>memset</name>
         <value>0x16028</value>
         <object_component_ref idref="oc-a4b"/>
      </symbol>
      <symbol id="sm-fc8">
         <name>scalbn</name>
         <value>0x13b2a</value>
         <object_component_ref idref="oc-9a3"/>
      </symbol>
      <symbol id="sm-fc9">
         <name>scalbnl</name>
         <value>0x13b2a</value>
         <object_component_ref idref="oc-9a3"/>
      </symbol>
      <symbol id="sm-fca">
         <name>ldexpl</name>
         <value>0x13b2a</value>
         <object_component_ref idref="oc-9a3"/>
      </symbol>
      <symbol id="sm-fcb">
         <name>ldexp</name>
         <value>0x13b2a</value>
         <object_component_ref idref="oc-9a3"/>
      </symbol>
      <symbol id="sm-fd4">
         <name>copysign</name>
         <value>0x15dd2</value>
         <object_component_ref idref="oc-a94"/>
      </symbol>
      <symbol id="sm-fd5">
         <name>copysignl</name>
         <value>0x15dd2</value>
         <object_component_ref idref="oc-a94"/>
      </symbol>
      <symbol id="sm-fed">
         <name>setvbuf</name>
         <value>0x1491a</value>
         <object_component_ref idref="oc-afa"/>
      </symbol>
      <symbol id="sm-ffe">
         <name>__TI_cleanup</name>
         <value>0x15bd8</value>
         <object_component_ref idref="oc-b87"/>
      </symbol>
      <symbol id="sm-100f">
         <name>__TI_closefile</name>
         <value>0x151c6</value>
         <object_component_ref idref="oc-bf1"/>
      </symbol>
      <symbol id="sm-1021">
         <name>close</name>
         <value>0x1565c</value>
         <object_component_ref idref="oc-c4a"/>
      </symbol>
      <symbol id="sm-10a3">
         <name>_sys_memory</name>
         <value>0x8940</value>
         <object_component_ref idref="oc-69a"/>
      </symbol>
      <symbol id="sm-10a4">
         <name>free</name>
         <value>0x14838</value>
         <object_component_ref idref="oc-b7b"/>
      </symbol>
      <symbol id="sm-10a5">
         <name>memalign</name>
         <value>0x14538</value>
         <object_component_ref idref="oc-bea"/>
      </symbol>
      <symbol id="sm-10a6">
         <name>malloc</name>
         <value>0x160d4</value>
         <object_component_ref idref="oc-b81"/>
      </symbol>
      <symbol id="sm-10a7">
         <name>aligned_alloc</name>
         <value>0x14538</value>
         <object_component_ref idref="oc-bea"/>
      </symbol>
      <symbol id="sm-10c7">
         <name>finddevice</name>
         <value>0x15e00</value>
         <object_component_ref idref="oc-cb2"/>
      </symbol>
      <symbol id="sm-10c8">
         <name>getdevice</name>
         <value>0x156b6</value>
         <object_component_ref idref="oc-c84"/>
      </symbol>
      <symbol id="sm-10f4">
         <name>sqrtl</name>
         <value>0x11e2e</value>
         <object_component_ref idref="oc-979"/>
      </symbol>
      <symbol id="sm-10f5">
         <name>sqrt</name>
         <value>0x11e2e</value>
         <object_component_ref idref="oc-979"/>
      </symbol>
      <symbol id="sm-1104">
         <name>strchr</name>
         <value>0x15f7c</value>
         <object_component_ref idref="oc-ca6"/>
      </symbol>
      <symbol id="sm-1112">
         <name>strcmp</name>
         <value>0x15f98</value>
         <object_component_ref idref="oc-ccb"/>
      </symbol>
      <symbol id="sm-111f">
         <name>strcpy</name>
         <value>0x1607a</value>
         <object_component_ref idref="oc-c75"/>
      </symbol>
      <symbol id="sm-112c">
         <name>strlen</name>
         <value>0x160bc</value>
         <object_component_ref idref="oc-91c"/>
      </symbol>
      <symbol id="sm-113c">
         <name>strncpy</name>
         <value>0x15d12</value>
         <object_component_ref idref="oc-cac"/>
      </symbol>
      <symbol id="sm-1148">
         <name>unlink</name>
         <value>0x15d74</value>
         <object_component_ref idref="oc-c51"/>
      </symbol>
      <symbol id="sm-1156">
         <name>write</name>
         <value>0x15b2a</value>
         <object_component_ref idref="oc-a3f"/>
      </symbol>
      <symbol id="sm-115b">
         <name>remove</name>
         <value>0x15d74</value>
      </symbol>
   </symbol_table>
   <title>Link successful</title>
</link_info>
